Component: ARM Compiler 5.06 update 6 (build 750) Tool: armlink [4d35ed]

==============================================================================

Section Cross References

    stm32l475e_iot01.o(i.BSP_COM_DeInit) refers to stm32l4xx_hal_uart.o(i.HAL_UART_DeInit) for HAL_UART_DeInit
    stm32l475e_iot01.o(i.BSP_COM_DeInit) refers to stm32l475e_iot01.o(.data) for .data
    stm32l475e_iot01.o(i.BSP_COM_Init) refers to stm32l4xx_hal_gpio.o(i.HAL_GPIO_Init) for HAL_GPIO_Init
    stm32l475e_iot01.o(i.BSP_COM_Init) refers to stm32l4xx_hal_uart.o(i.HAL_UART_Init) for HAL_UART_Init
    stm32l475e_iot01.o(i.BSP_COM_Init) refers to stm32l475e_iot01.o(.constdata) for .constdata
    stm32l475e_iot01.o(i.BSP_COM_Init) refers to stm32l475e_iot01.o(.data) for .data
    stm32l475e_iot01.o(i.BSP_LED_DeInit) refers to stm32l4xx_hal_gpio.o(i.HAL_GPIO_WritePin) for HAL_GPIO_WritePin
    stm32l475e_iot01.o(i.BSP_LED_DeInit) refers to stm32l4xx_hal_gpio.o(i.HAL_GPIO_DeInit) for HAL_GPIO_DeInit
    stm32l475e_iot01.o(i.BSP_LED_DeInit) refers to stm32l475e_iot01.o(.constdata) for .constdata
    stm32l475e_iot01.o(i.BSP_LED_DeInit) refers to stm32l475e_iot01.o(.data) for .data
    stm32l475e_iot01.o(i.BSP_LED_Init) refers to stm32l4xx_hal_gpio.o(i.HAL_GPIO_Init) for HAL_GPIO_Init
    stm32l475e_iot01.o(i.BSP_LED_Init) refers to stm32l475e_iot01.o(.constdata) for .constdata
    stm32l475e_iot01.o(i.BSP_LED_Init) refers to stm32l475e_iot01.o(.data) for .data
    stm32l475e_iot01.o(i.BSP_LED_Off) refers to stm32l4xx_hal_gpio.o(i.HAL_GPIO_WritePin) for HAL_GPIO_WritePin
    stm32l475e_iot01.o(i.BSP_LED_Off) refers to stm32l475e_iot01.o(.constdata) for .constdata
    stm32l475e_iot01.o(i.BSP_LED_Off) refers to stm32l475e_iot01.o(.data) for .data
    stm32l475e_iot01.o(i.BSP_LED_On) refers to stm32l4xx_hal_gpio.o(i.HAL_GPIO_WritePin) for HAL_GPIO_WritePin
    stm32l475e_iot01.o(i.BSP_LED_On) refers to stm32l475e_iot01.o(.constdata) for .constdata
    stm32l475e_iot01.o(i.BSP_LED_On) refers to stm32l475e_iot01.o(.data) for .data
    stm32l475e_iot01.o(i.BSP_LED_Toggle) refers to stm32l4xx_hal_gpio.o(i.HAL_GPIO_TogglePin) for HAL_GPIO_TogglePin
    stm32l475e_iot01.o(i.BSP_LED_Toggle) refers to stm32l475e_iot01.o(.constdata) for .constdata
    stm32l475e_iot01.o(i.BSP_LED_Toggle) refers to stm32l475e_iot01.o(.data) for .data
    stm32l475e_iot01.o(i.BSP_PB_DeInit) refers to stm32l4xx_hal_cortex.o(i.HAL_NVIC_DisableIRQ) for HAL_NVIC_DisableIRQ
    stm32l475e_iot01.o(i.BSP_PB_DeInit) refers to stm32l4xx_hal_gpio.o(i.HAL_GPIO_DeInit) for HAL_GPIO_DeInit
    stm32l475e_iot01.o(i.BSP_PB_DeInit) refers to stm32l475e_iot01.o(.constdata) for .constdata
    stm32l475e_iot01.o(i.BSP_PB_DeInit) refers to stm32l475e_iot01.o(.data) for .data
    stm32l475e_iot01.o(i.BSP_PB_GetState) refers to stm32l4xx_hal_gpio.o(i.HAL_GPIO_ReadPin) for HAL_GPIO_ReadPin
    stm32l475e_iot01.o(i.BSP_PB_GetState) refers to stm32l475e_iot01.o(.constdata) for .constdata
    stm32l475e_iot01.o(i.BSP_PB_GetState) refers to stm32l475e_iot01.o(.data) for .data
    stm32l475e_iot01.o(i.BSP_PB_Init) refers to stm32l4xx_hal_gpio.o(i.HAL_GPIO_Init) for HAL_GPIO_Init
    stm32l475e_iot01.o(i.BSP_PB_Init) refers to stm32l4xx_hal_cortex.o(i.HAL_NVIC_SetPriority) for HAL_NVIC_SetPriority
    stm32l475e_iot01.o(i.BSP_PB_Init) refers to stm32l4xx_hal_cortex.o(i.HAL_NVIC_EnableIRQ) for HAL_NVIC_EnableIRQ
    stm32l475e_iot01.o(i.BSP_PB_Init) refers to stm32l475e_iot01.o(.constdata) for .constdata
    stm32l475e_iot01.o(i.BSP_PB_Init) refers to stm32l475e_iot01.o(.data) for .data
    stm32l475e_iot01.o(i.I2Cx_DeInit) refers to stm32l4xx_hal_gpio.o(i.HAL_GPIO_DeInit) for HAL_GPIO_DeInit
    stm32l475e_iot01.o(i.I2Cx_DeInit) refers to stm32l4xx_hal_i2c.o(i.HAL_I2C_DeInit) for HAL_I2C_DeInit
    stm32l475e_iot01.o(i.I2Cx_Error) refers to stm32l4xx_hal_i2c.o(i.HAL_I2C_DeInit) for HAL_I2C_DeInit
    stm32l475e_iot01.o(i.I2Cx_Error) refers to stm32l475e_iot01.o(i.I2Cx_Init) for I2Cx_Init
    stm32l475e_iot01.o(i.I2Cx_Init) refers to stm32l475e_iot01.o(i.I2Cx_MspInit) for I2Cx_MspInit
    stm32l475e_iot01.o(i.I2Cx_Init) refers to stm32l4xx_hal_i2c.o(i.HAL_I2C_Init) for HAL_I2C_Init
    stm32l475e_iot01.o(i.I2Cx_Init) refers to stm32l4xx_hal_i2c_ex.o(i.HAL_I2CEx_ConfigAnalogFilter) for HAL_I2CEx_ConfigAnalogFilter
    stm32l475e_iot01.o(i.I2Cx_MspInit) refers to stm32l4xx_hal_gpio.o(i.HAL_GPIO_Init) for HAL_GPIO_Init
    stm32l475e_iot01.o(i.I2Cx_MspInit) refers to stm32l4xx_hal_cortex.o(i.HAL_NVIC_SetPriority) for HAL_NVIC_SetPriority
    stm32l475e_iot01.o(i.I2Cx_MspInit) refers to stm32l4xx_hal_cortex.o(i.HAL_NVIC_EnableIRQ) for HAL_NVIC_EnableIRQ
    stm32l475e_iot01.o(i.I2Cx_ReadMultiple) refers to stm32l4xx_hal_i2c.o(i.HAL_I2C_Mem_Read) for HAL_I2C_Mem_Read
    stm32l475e_iot01.o(i.I2Cx_ReadMultiple) refers to stm32l475e_iot01.o(i.I2Cx_Error) for I2Cx_Error
    stm32l475e_iot01.o(i.I2Cx_WriteMultiple) refers to stm32l4xx_hal_i2c.o(i.HAL_I2C_Mem_Write) for HAL_I2C_Mem_Write
[...]
    Removing vl53l0x_api_core.o(i.VL53L0X_reverse_bytes), (32 bytes).
    Removing vl53l0x_api_core.o(i.VL53L0X_set_measurement_timing_budget_micro_seconds), (194 bytes).
    Removing vl53l0x_api_core.o(i.VL53L0X_set_vcsel_pulse_period), (544 bytes).
    Removing vl53l0x_api_core.o(i.set_sequence_step_timeout), (260 bytes).
    Removing vl53l0x_tof.o(.rev16_text), (4 bytes).
    Removing vl53l0x_tof.o(.revsh_text), (4 bytes).
    Removing vl53l0x_tof.o(.rrx_text), (6 bytes).
    Removing vl53l0x_tof.o(i.SetupSingleShot), (546 bytes).
    Removing vl53l0x_tof.o(i.VL53L0X_WrDWord), (44 bytes).

560 unused section(s) (total 38264 bytes) removed from the image.

==============================================================================

Image Symbol Table

    Local Symbols

    Symbol Name                              Value     Ov Type        Size  Object(Section)

    ../Core/Src/main.c                       0x00000000   Number         0  main.o ABSOLUTE
    ../Core/Src/stm32l4xx_hal_msp.c          0x00000000   Number         0  stm32l4xx_hal_msp.o ABSOLUTE
    ../Core/Src/stm32l4xx_it.c               0x00000000   Number         0  stm32l4xx_it.o ABSOLUTE
    ../Core/Src/system_stm32l4xx.c           0x00000000   Number         0  system_stm32l4xx.o ABSOLUTE
    ../Drivers/STM32L4xx_HAL_Driver/Src/stm32l4xx_hal.c 0x00000000   Number         0  stm32l4xx_hal.o ABSOLUTE
    ../Drivers/STM32L4xx_HAL_Driver/Src/stm32l4xx_hal_cortex.c 0x00000000   Number         0  stm32l4xx_hal_cortex.o ABSOLUTE
    ../Drivers/STM32L4xx_HAL_Driver/Src/stm32l4xx_hal_dma.c 0x00000000   Number         0  stm32l4xx_hal_dma.o ABSOLUTE
    ../Drivers/STM32L4xx_HAL_Driver/Src/stm32l4xx_hal_dma_ex.c 0x00000000   Number         0  stm32l4xx_hal_dma_ex.o ABSOLUTE
    ../Drivers/STM32L4xx_HAL_Driver/Src/stm32l4xx_hal_exti.c 0x00000000   Number         0  stm32l4xx_hal_exti.o ABSOLUTE
    ../Drivers/STM32L4xx_HAL_Driver/Src/stm32l4xx_hal_flash.c 0x00000000   Number         0  stm32l4xx_hal_flash.o ABSOLUTE
    ../Drivers/STM32L4xx_HAL_Driver/Src/stm32l4xx_hal_flash_ex.c 0x00000000   Number         0  stm32l4xx_hal_flash_ex.o ABSOLUTE
    ../Drivers/STM32L4xx_HAL_Driver/Src/stm32l4xx_hal_flash_ramfunc.c 0x00000000   Number         0  stm32l4xx_hal_flash_ramfunc.o ABSOLUTE
    ../Drivers/STM32L4xx_HAL_Driver/Src/stm32l4xx_hal_gpio.c 0x00000000   Number         0  stm32l4xx_hal_gpio.o ABSOLUTE
    ../Drivers/STM32L4xx_HAL_Driver/Src/stm32l4xx_hal_i2c.c 0x00000000   Number         0  stm32l4xx_hal_i2c.o ABSOLUTE
    ../Drivers/STM32L4xx_HAL_Driver/Src/stm32l4xx_hal_i2c_ex.c 0x00000000   Number         0  stm32l4xx_hal_i2c_ex.o ABSOLUTE
    ../Drivers/STM32L4xx_HAL_Driver/Src/stm32l4xx_hal_pwr.c 0x00000000   Number         0  stm32l4xx_hal_pwr.o ABSOLUTE
    ../Drivers/STM32L4xx_HAL_Driver/Src/stm32l4xx_hal_pwr_ex.c 0x00000000   Number         0  stm32l4xx_hal_pwr_ex.o ABSOLUTE
    ../Drivers/STM32L4xx_HAL_Driver/Src/stm32l4xx_hal_rcc.c 0x00000000   Number         0  stm32l4xx_hal_rcc.o ABSOLUTE
    ../Drivers/STM32L4xx_HAL_Driver/Src/stm32l4xx_hal_rcc_ex.c 0x00000000   Number         0  stm32l4xx_hal_rcc_ex.o ABSOLUTE
    ../Drivers/STM32L4xx_HAL_Driver/Src/stm32l4xx_hal_tim.c 0x00000000   Number         0  stm32l4xx_hal_tim.o ABSOLUTE
    ../Drivers/STM32L4xx_HAL_Driver/Src/stm32l4xx_hal_tim_ex.c 0x00000000   Number         0  stm32l4xx_hal_tim_ex.o ABSOLUTE
    ../Drivers/STM32L4xx_HAL_Driver/Src/stm32l4xx_hal_uart.c 0x00000000   Number         0  stm32l4xx_hal_uart.o ABSOLUTE
    ../Drivers/STM32L4xx_HAL_Driver/Src/stm32l4xx_hal_uart_ex.c 0x00000000   Number         0  stm32l4xx_hal_uart_ex.o ABSOLUTE
    ../clib/../cmprslib/lz77c.c              0x00000000   Number         0  __dclz77c.o ABSOLUTE
    ../clib/microlib/division.c              0x00000000   Number         0  uidiv.o ABSOLUTE
    ../clib/microlib/division.c              0x00000000   Number         0  uldiv.o ABSOLUTE
    ../clib/microlib/init/entry.s            0x00000000   Number         0  entry7a.o ABSOLUTE
    ../clib/microlib/init/entry.s            0x00000000   Number         0  entry9b.o ABSOLUTE
    ../clib/microlib/init/entry.s            0x00000000   Number         0  entry2.o ABSOLUTE
    ../clib/microlib/init/entry.s            0x00000000   Number         0  entry.o ABSOLUTE
    ../clib/microlib/init/entry.s            0x00000000   Number         0  entry5.o ABSOLUTE
    ../clib/microlib/init/entry.s            0x00000000   Number         0  entry7b.o ABSOLUTE
    ../clib/microlib/init/entry.s            0x00000000   Number         0  entry8a.o ABSOLUTE
    ../clib/microlib/init/entry.s            0x00000000   Number         0  entry8b.o ABSOLUTE
    ../clib/microlib/init/entry.s            0x00000000   Number         0  entry9a.o ABSOLUTE
    ../clib/microlib/init/entry.s            0x00000000   Number         0  entry10b.o ABSOLUTE
    ../clib/microlib/init/entry.s            0x00000000   Number         0  entry11a.o ABSOLUTE
    ../clib/microlib/init/entry.s            0x00000000   Number         0  entry11b.o ABSOLUTE
    ../clib/microlib/init/entry.s            0x00000000   Number         0  entry10a.o ABSOLUTE
    ../clib/microlib/longlong.c              0x00000000   Number         0  llushr.o ABSOLUTE
    ../clib/microlib/longlong.c              0x00000000   Number         0  llshl.o ABSOLUTE
    ../clib/microlib/longlong.c              0x00000000   Number         0  llsshr.o ABSOLUTE
    ../clib/microlib/printf/printf.c         0x00000000   Number         0  printf7.o ABSOLUTE
    ../clib/microlib/printf/printf.c         0x00000000   Number         0  printf5.o ABSOLUTE
    ../clib/microlib/printf/printf.c         0x00000000   Number         0  printf4.o ABSOLUTE
    ../clib/microlib/printf/printf.c         0x00000000   Number         0  printfb.o ABSOLUTE
    ../clib/microlib/printf/printf.c         0x00000000   Number         0  printf0.o ABSOLUTE
    ../clib/microlib/printf/printf.c         0x00000000   Number         0  printf1.o ABSOLUTE
    ../clib/microlib/printf/printf.c         0x00000000   Number         0  printf2.o ABSOLUTE
    ../clib/microlib/printf/printf.c         0x00000000   Number         0  printf6.o ABSOLUTE
    ../clib/microlib/printf/printf.c         0x00000000   Number         0  printf8.o ABSOLUTE
    ../clib/microlib/printf/printf.c         0x00000000   Number         0  printf3.o ABSOLUTE
    ../clib/microlib/printf/printf.c         0x00000000   Number         0  printfa.o ABSOLUTE
    ../clib/microlib/printf/stubs.s          0x00000000   Number         0  stubs.o ABSOLUTE
    ../clib/microlib/stdio/fputc.c           0x00000000   Number         0  fputc.o ABSOLUTE
    ../clib/microlib/stdio/semi.s            0x00000000   Number         0  semi.o ABSOLUTE
    ../clib/microlib/stdio/streams.c         0x00000000   Number         0  stdout.o ABSOLUTE
    ../clib/microlib/string/memcpy.c         0x00000000   Number         0  memcpyb.o ABSOLUTE
    ../clib/microlib/string/memcpy.c         0x00000000   Number         0  memcpya.o ABSOLUTE
    ../clib/microlib/string/memset.c         0x00000000   Number         0  memseta.o ABSOLUTE
    ../clib/microlib/string/strcpy.c         0x00000000   Number         0  strcpy.o ABSOLUTE
    ../clib/microlib/string/strlen.c         0x00000000   Number         0  strlen.o ABSOLUTE
    ../clib/microlib/stubs.s                 0x00000000   Number         0  iusefp.o ABSOLUTE
    ../clib/microlib/stubs.s                 0x00000000   Number         0  iusesemip.o ABSOLUTE
    ../fplib/microlib/d2f.c                  0x00000000   Number         0  d2f.o ABSOLUTE
    ../fplib/microlib/f2d.c                  0x00000000   Number         0  f2d.o ABSOLUTE
    ../fplib/microlib/fpadd.c                0x00000000   Number         0  dadd.o ABSOLUTE
    ../fplib/microlib/fpdiv.c                0x00000000   Number         0  ddiv.o ABSOLUTE
    ../fplib/microlib/fpepilogue.c           0x00000000   Number         0  depilogue.o ABSOLUTE
    ../fplib/microlib/fpepilogue.c           0x00000000   Number         0  fepilogue.o ABSOLUTE
    ../fplib/microlib/fpfix.c                0x00000000   Number         0  dfixul.o ABSOLUTE
    ../fplib/microlib/fpflt.c                0x00000000   Number         0  dfltui.o ABSOLUTE
    ../fplib/microlib/fpmul.c                0x00000000   Number         0  dmul.o ABSOLUTE
    ..\Core\Src\main.c                       0x00000000   Number         0  main.o ABSOLUTE
    ..\Core\Src\stm32l4xx_hal_msp.c          0x00000000   Number         0  stm32l4xx_hal_msp.o ABSOLUTE
    ..\Core\Src\stm32l4xx_it.c               0x00000000   Number         0  stm32l4xx_it.o ABSOLUTE
    ..\Core\Src\system_stm32l4xx.c           0x00000000   Number         0  system_stm32l4xx.o ABSOLUTE
    ..\Core\Src\vl53l0x\vl53l0x_api.c        0x00000000   Number         0  vl53l0x_api.o ABSOLUTE
    ..\Core\Src\vl53l0x\vl53l0x_api_calibration.c 0x00000000   Number         0  vl53l0x_api_calibration.o ABSOLUTE
    ..\Core\Src\vl53l0x\vl53l0x_api_core.c   0x00000000   Number         0  vl53l0x_api_core.o ABSOLUTE
    ..\Core\Src\vl53l0x\vl53l0x_api_ranging.c 0x00000000   Number         0  vl53l0x_api_ranging.o ABSOLUTE
    ..\Core\Src\vl53l0x\vl53l0x_api_strings.c 0x00000000   Number         0  vl53l0x_api_strings.o ABSOLUTE
    ..\Core\Src\vl53l0x\vl53l0x_platform_log.c 0x00000000   Number         0  vl53l0x_platform_log.o ABSOLUTE
    ..\Core\Src\vl53l0x\vl53l0x_tof.c        0x00000000   Number         0  vl53l0x_tof.o ABSOLUTE
    ..\Drivers\B-L475E-IOT01\stm32l475e_iot01.c 0x00000000   Number         0  stm32l475e_iot01.o ABSOLUTE
    ..\Drivers\STM32L4xx_HAL_Driver\Src\stm32l4xx_hal.c 0x00000000   Number         0  stm32l4xx_hal.o ABSOLUTE
    ..\Drivers\STM32L4xx_HAL_Driver\Src\stm32l4xx_hal_cortex.c 0x00000000   Number         0  stm32l4xx_hal_cortex.o ABSOLUTE
    ..\Drivers\STM32L4xx_HAL_Driver\Src\stm32l4xx_hal_dma.c 0x00000000   Number         0  stm32l4xx_hal_dma.o ABSOLUTE
    ..\Drivers\STM32L4xx_HAL_Driver\Src\stm32l4xx_hal_dma_ex.c 0x00000000   Number         0  stm32l4xx_hal_dma_ex.o ABSOLUTE
    ..\Drivers\STM32L4xx_HAL_Driver\Src\stm32l4xx_hal_exti.c 0x00000000   Number         0  stm32l4xx_hal_exti.o ABSOLUTE
    ..\Drivers\STM32L4xx_HAL_Driver\Src\stm32l4xx_hal_flash.c 0x00000000   Number         0  stm32l4xx_hal_flash.o ABSOLUTE
    ..\Drivers\STM32L4xx_HAL_Driver\Src\stm32l4xx_hal_flash_ex.c 0x00000000   Number         0  stm32l4xx_hal_flash_ex.o ABSOLUTE
    ..\Drivers\STM32L4xx_HAL_Driver\Src\stm32l4xx_hal_flash_ramfunc.c 0x00000000   Number         0  stm32l4xx_hal_flash_ramfunc.o ABSOLUTE
    ..\Drivers\STM32L4xx_HAL_Driver\Src\stm32l4xx_hal_gpio.c 0x00000000   Number         0  stm32l4xx_hal_gpio.o ABSOLUTE
    ..\Drivers\STM32L4xx_HAL_Driver\Src\stm32l4xx_hal_i2c.c 0x00000000   Number         0  stm32l4xx_hal_i2c.o ABSOLUTE
    ..\Drivers\STM32L4xx_HAL_Driver\Src\stm32l4xx_hal_i2c_ex.c 0x00000000   Number         0  stm32l4xx_hal_i2c_ex.o ABSOLUTE
    ..\Drivers\STM32L4xx_HAL_Driver\Src\stm32l4xx_hal_pwr.c 0x00000000   Number         0  stm32l4xx_hal_pwr.o ABSOLUTE
    ..\Drivers\STM32L4xx_HAL_Driver\Src\stm32l4xx_hal_pwr_ex.c 0x00000000   Number         0  stm32l4xx_hal_pwr_ex.o ABSOLUTE
    ..\Drivers\STM32L4xx_HAL_Driver\Src\stm32l4xx_hal_rcc.c 0x00000000   Number         0  stm32l4xx_hal_rcc.o ABSOLUTE
    ..\Drivers\STM32L4xx_HAL_Driver\Src\stm32l4xx_hal_rcc_ex.c 0x00000000   Number         0  stm32l4xx_hal_rcc_ex.o ABSOLUTE
    ..\Drivers\STM32L4xx_HAL_Driver\Src\stm32l4xx_hal_tim.c 0x00000000   Number         0  stm32l4xx_hal_tim.o ABSOLUTE
    ..\Drivers\STM32L4xx_HAL_Driver\Src\stm32l4xx_hal_tim_ex.c 0x00000000   Number         0  stm32l4xx_hal_tim_ex.o ABSOLUTE
    ..\Drivers\STM32L4xx_HAL_Driver\Src\stm32l4xx_hal_uart.c 0x00000000   Number         0  stm32l4xx_hal_uart.o ABSOLUTE
    ..\Drivers\STM32L4xx_HAL_Driver\Src\stm32l4xx_hal_uart_ex.c 0x00000000   Number         0  stm32l4xx_hal_uart_ex.o ABSOLUTE
    ..\\Core\\Src\\vl53l0x\\vl53l0x_api.c    0x00000000   Number         0  vl53l0x_api.o ABSOLUTE
    ..\\Core\\Src\\vl53l0x\\vl53l0x_api_calibration.c 0x00000000   Number         0  vl53l0x_api_calibration.o ABSOLUTE
    ..\\Core\\Src\\vl53l0x\\vl53l0x_api_core.c 0x00000000   Number         0  vl53l0x_api_core.o ABSOLUTE
    ..\\Core\\Src\\vl53l0x\\vl53l0x_api_ranging.c 0x00000000   Number         0  vl53l0x_api_ranging.o ABSOLUTE
    ..\\Core\\Src\\vl53l0x\\vl53l0x_api_strings.c 0x00000000   Number         0  vl53l0x_api_strings.o ABSOLUTE
    ..\\Core\\Src\\vl53l0x\\vl53l0x_tof.c    0x00000000   Number         0  vl53l0x_tof.o ABSOLUTE
    ..\\Drivers\\B-L475E-IOT01\\stm32l475e_iot01.c 0x00000000   Number         0  stm32l475e_iot01.o ABSOLUTE
    cdrcmple.s                               0x00000000   Number         0  cdrcmple.o ABSOLUTE
    dc.s                                     0x00000000   Number         0  dc.o ABSOLUTE
    handlers.s                               0x00000000   Number         0  handlers.o ABSOLUTE
    init.s                                   0x00000000   Number         0  init.o ABSOLUTE
    startup_stm32l475xx.s                    0x00000000   Number         0  startup_stm32l475xx.o ABSOLUTE
    RESET                                    0x08000000   Section      392  startup_stm32l475xx.o(RESET)
    .ARM.Collect$$$$00000000                 0x08000188   Section        0  entry.o(.ARM.Collect$$$$00000000)
    .ARM.Collect$$$$00000001                 0x08000188   Section        4  entry2.o(.ARM.Collect$$$$00000001)
    .ARM.Collect$$$$00000004                 0x0800018c   Section        4  entry5.o(.ARM.Collect$$$$00000004)
    .ARM.Collect$$$$00000008                 0x08000190   Section        0  entry7b.o(.ARM.Collect$$$$00000008)
    .ARM.Collect$$$$0000000A                 0x08000190   Section        0  entry8b.o(.ARM.Collect$$$$0000000A)
    .ARM.Collect$$$$0000000B                 0x08000190   Section        8  entry9a.o(.ARM.Collect$$$$0000000B)
    .ARM.Collect$$$$0000000D                 0x08000198   Section        0  entry10a.o(.ARM.Collect$$$$0000000D)
    .ARM.Collect$$$$0000000F                 0x08000198   Section        0  entry11a.o(.ARM.Collect$$$$0000000F)
    .ARM.Collect$$$$00002712                 0x08000198   Section        4  entry2.o(.ARM.Collect$$$$00002712)
    __lit__00000000                          0x08000198   Data           4  entry2.o(.ARM.Collect$$$$00002712)
    .text                                    0x0800019c   Section       36  startup_stm32l475xx.o(.text)
    $v0                                      0x0800019c   Number         0  startup_stm32l475xx.o(.text)
    .text                                    0x080001c0   Section        0  uldiv.o(.text)
    .text                                    0x08000228   Section        0  memcpya.o(.text)
    .text                                    0x0800024c   Section        0  memseta.o(.text)
    .text                                    0x08000270   Section        0  strlen.o(.text)
    .text                                    0x0800027e   Section        0  ddiv.o(.text)
    .text                                    0x0800035c   Section        0  dfltui.o(.text)
    .text                                    0x08000376   Section        0  f2d.o(.text)
    .text                                    0x0800039c   Section        0  d2f.o(.text)
    .text                                    0x080003d4   Section        0  uidiv.o(.text)
    .text                                    0x08000400   Section        0  llshl.o(.text)
    .text                                    0x0800041e   Section        0  llushr.o(.text)
    .text                                    0x0800043e   Section        0  fepilogue.o(.text)
    .text                                    0x0800043e   Section        0  iusefp.o(.text)
    .text                                    0x080004ac   Section        0  depilogue.o(.text)
    .text                                    0x08000566   Section        0  dadd.o(.text)
    .text                                    0x080006c4   Section        0  dmul.o(.text)
    .text                                    0x080007ae   Section        0  dfixul.o(.text)
    .text                                    0x080007e0   Section       48  cdrcmple.o(.text)
    .text                                    0x08000810   Section       36  init.o(.text)
    .text                                    0x08000834   Section        0  llsshr.o(.text)
    .text                                    0x08000858   Section        0  __dclz77c.o(.text)
    i.BusFault_Handler                       0x080008b6   Section        0  stm32l4xx_it.o(i.BusFault_Handler)
    i.DebugMon_Handler                       0x080008b8   Section        0  stm32l4xx_it.o(i.DebugMon_Handler)
    i.EXTI15_10_IRQHandler                   0x080008bc   Section        0  stm32l4xx_it.o(i.EXTI15_10_IRQHandler)
    i.EXTI9_5_IRQHandler                     0x080008fc   Section        0  stm32l4xx_it.o(i.EXTI9_5_IRQHandler)
    i.HAL_Delay                              0x0800091c   Section        0  stm32l4xx_hal.o(i.HAL_Delay)
    i.HAL_GPIO_EXTI_Callback                 0x08000940   Section        0  stm32l4xx_hal_gpio.o(i.HAL_GPIO_EXTI_Callback)
    i.HAL_GPIO_EXTI_IRQHandler               0x08000944   Section        0  stm32l4xx_hal_gpio.o(i.HAL_GPIO_EXTI_IRQHandler)
    i.HAL_GPIO_Init                          0x0800095c   Section        0  stm32l4xx_hal_gpio.o(i.HAL_GPIO_Init)
    i.HAL_GPIO_WritePin                      0x08000bc2   Section        0  stm32l4xx_hal_gpio.o(i.HAL_GPIO_WritePin)
    i.HAL_GetTick                            0x08000bcc   Section        0  stm32l4xx_hal.o(i.HAL_GetTick)
    i.HAL_I2CEx_ConfigAnalogFilter           0x08000bd8   Section        0  stm32l4xx_hal_i2c_ex.o(i.HAL_I2CEx_ConfigAnalogFilter)
    i.HAL_I2C_Init                           0x08000c30   Section        0  stm32l4xx_hal_i2c.o(i.HAL_I2C_Init)
    i.HAL_I2C_Master_Receive                 0x08000ce8   Section        0  stm32l4xx_hal_i2c.o(i.HAL_I2C_Master_Receive)
    i.HAL_I2C_Master_Transmit                0x08000e14   Section        0  stm32l4xx_hal_i2c.o(i.HAL_I2C_Master_Transmit)
    i.HAL_I2C_MspInit                        0x08000f3e   Section        0  stm32l4xx_hal_i2c.o(i.HAL_I2C_MspInit)
    i.HAL_IncTick                            0x08000f40   Section        0  stm32l4xx_hal.o(i.HAL_IncTick)
    i.HAL_Init                               0x08000f50   Section        0  stm32l4xx_hal.o(i.HAL_Init)
    i.HAL_InitTick                           0x08000f70   Section        0  stm32l4xx_hal.o(i.HAL_InitTick)
    i.HAL_MspInit                            0x08000fb4   Section        0  stm32l4xx_hal_msp.o(i.HAL_MspInit)
    i.HAL_NVIC_EnableIRQ                     0x08000fe0   Section        0  stm32l4xx_hal_cortex.o(i.HAL_NVIC_EnableIRQ)
    i.HAL_NVIC_SetPriority                   0x08000ffc   Section        0  stm32l4xx_hal_cortex.o(i.HAL_NVIC_SetPriority)
    i.HAL_NVIC_SetPriorityGrouping           0x0800103c   Section        0  stm32l4xx_hal_cortex.o(i.HAL_NVIC_SetPriorityGrouping)
    i.HAL_PWREx_ControlVoltageScaling        0x08001060   Section        0  stm32l4xx_hal_pwr_ex.o(i.HAL_PWREx_ControlVoltageScaling)
    i.HAL_PWREx_GetVoltageRange              0x080010c8   Section        0  stm32l4xx_hal_pwr_ex.o(i.HAL_PWREx_GetVoltageRange)
    i.HAL_RCCEx_PeriphCLKConfig              0x080010d8   Section        0  stm32l4xx_hal_rcc_ex.o(i.HAL_RCCEx_PeriphCLKConfig)
    i.HAL_RCC_ClockConfig                    0x08001488   Section        0  stm32l4xx_hal_rcc.o(i.HAL_RCC_ClockConfig)
    i.HAL_RCC_GetPCLK1Freq                   0x080015a8   Section        0  stm32l4xx_hal_rcc.o(i.HAL_RCC_GetPCLK1Freq)
    i.HAL_RCC_GetPCLK2Freq                   0x080015cc   Section        0  stm32l4xx_hal_rcc.o(i.HAL_RCC_GetPCLK2Freq)
    i.HAL_RCC_GetSysClockFreq                0x080015f0   Section        0  stm32l4xx_hal_rcc.o(i.HAL_RCC_GetSysClockFreq)
    i.HAL_RCC_OscConfig                      0x08001694   Section        0  stm32l4xx_hal_rcc.o(i.HAL_RCC_OscConfig)
    i.HAL_SYSTICK_Config                     0x08001bbc   Section        0  stm32l4xx_hal_cortex.o(i.HAL_SYSTICK_Config)
    i.HAL_UART_Init                          0x08001be4   Section        0  stm32l4xx_hal_uart.o(i.HAL_UART_Init)
    i.HAL_UART_MspInit                       0x08001c4c   Section        0  stm32l4xx_hal_msp.o(i.HAL_UART_MspInit)
    i.HAL_UART_Transmit                      0x08001cb0   Section        0  stm32l4xx_hal_uart.o(i.HAL_UART_Transmit)
    i.HardFault_Handler                      0x08001d66   Section        0  stm32l4xx_it.o(i.HardFault_Handler)
    i.I2C_Flush_TXDR                         0x08001d68   Section        0  stm32l4xx_hal_i2c.o(i.I2C_Flush_TXDR)
    I2C_Flush_TXDR                           0x08001d69   Thumb Code    34  stm32l4xx_hal_i2c.o(i.I2C_Flush_TXDR)
    i.I2C_IsAcknowledgeFailed                0x08001d8c   Section        0  stm32l4xx_hal_i2c.o(i.I2C_IsAcknowledgeFailed)
    I2C_IsAcknowledgeFailed                  0x08001d8d   Thumb Code   128  stm32l4xx_hal_i2c.o(i.I2C_IsAcknowledgeFailed)
    i.I2C_TransferConfig                     0x08001e10   Section        0  stm32l4xx_hal_i2c.o(i.I2C_TransferConfig)
    I2C_TransferConfig                       0x08001e11   Thumb Code    40  stm32l4xx_hal_i2c.o(i.I2C_TransferConfig)
    i.I2C_WaitOnFlagUntilTimeout             0x08001e3c   Section        0  stm32l4xx_hal_i2c.o(i.I2C_WaitOnFlagUntilTimeout)
    I2C_WaitOnFlagUntilTimeout               0x08001e3d   Thumb Code    88  stm32l4xx_hal_i2c.o(i.I2C_WaitOnFlagUntilTimeout)
    i.I2C_WaitOnRXNEFlagUntilTimeout         0x08001e94   Section        0  stm32l4xx_hal_i2c.o(i.I2C_WaitOnRXNEFlagUntilTimeout)
    I2C_WaitOnRXNEFlagUntilTimeout           0x08001e95   Thumb Code   128  stm32l4xx_hal_i2c.o(i.I2C_WaitOnRXNEFlagUntilTimeout)
    i.I2C_WaitOnSTOPFlagUntilTimeout         0x08001f18   Section        0  stm32l4xx_hal_i2c.o(i.I2C_WaitOnSTOPFlagUntilTimeout)
    I2C_WaitOnSTOPFlagUntilTimeout           0x08001f19   Thumb Code    76  stm32l4xx_hal_i2c.o(i.I2C_WaitOnSTOPFlagUntilTimeout)
    i.I2C_WaitOnTXISFlagUntilTimeout         0x08001f64   Section        0  stm32l4xx_hal_i2c.o(i.I2C_WaitOnTXISFlagUntilTimeout)
    I2C_WaitOnTXISFlagUntilTimeout           0x08001f65   Thumb Code    80  stm32l4xx_hal_i2c.o(i.I2C_WaitOnTXISFlagUntilTimeout)
    i.I2Cx_Init                              0x08001fb4   Section        0  stm32l475e_iot01.o(i.I2Cx_Init)
    I2Cx_Init                                0x08001fb5   Thumb Code    52  stm32l475e_iot01.o(i.I2Cx_Init)
    i.I2Cx_MspInit                           0x08001ff0   Section        0  stm32l475e_iot01.o(i.I2Cx_MspInit)
    I2Cx_MspInit                             0x08001ff1   Thumb Code   130  stm32l475e_iot01.o(i.I2Cx_MspInit)
    i.MX_GPIO_Init                           0x0800207c   Section        0  main.o(i.MX_GPIO_Init)
    MX_GPIO_Init                             0x0800207d   Thumb Code   812  main.o(i.MX_GPIO_Init)
    i.MX_USART1_UART_Init                    0x080023cc   Section        0  main.o(i.MX_USART1_UART_Init)
    MX_USART1_UART_Init                      0x080023cd   Thumb Code    36  main.o(i.MX_USART1_UART_Init)
    i.MemManage_Handler                      0x080023f8   Section        0  stm32l4xx_it.o(i.MemManage_Handler)
    i.NMI_Handler                            0x080023fa   Section        0  stm32l4xx_it.o(i.NMI_Handler)
    i.PendSV_Handler                         0x080023fc   Section        0  stm32l4xx_it.o(i.PendSV_Handler)
    i.RCCEx_PLLSAI1_Config                   0x08002400   Section        0  stm32l4xx_hal_rcc_ex.o(i.RCCEx_PLLSAI1_Config)
    RCCEx_PLLSAI1_Config                     0x08002401   Thumb Code   278  stm32l4xx_hal_rcc_ex.o(i.RCCEx_PLLSAI1_Config)
    i.RCCEx_PLLSAI2_Config                   0x0800252c   Section        0  stm32l4xx_hal_rcc_ex.o(i.RCCEx_PLLSAI2_Config)
    RCCEx_PLLSAI2_Config                     0x0800252d   Thumb Code   250  stm32l4xx_hal_rcc_ex.o(i.RCCEx_PLLSAI2_Config)
    i.RCC_SetFlashLatencyFromMSIRange        0x08002634   Section        0  stm32l4xx_hal_rcc.o(i.RCC_SetFlashLatencyFromMSIRange)
    RCC_SetFlashLatencyFromMSIRange          0x08002635   Thumb Code   116  stm32l4xx_hal_rcc.o(i.RCC_SetFlashLatencyFromMSIRange)
    i.SENSOR_IO_Init                         0x080026b0   Section        0  stm32l475e_iot01.o(i.SENSOR_IO_Init)
    i.SVC_Handler                            0x080026bc   Section        0  stm32l4xx_it.o(i.SVC_Handler)
    i.SysTick_Handler                        0x080026be   Section        0  stm32l4xx_it.o(i.SysTick_Handler)
    i.SystemClock_Config                     0x080026c2   Section        0  main.o(i.SystemClock_Config)
    i.SystemInit                             0x08002734   Section        0  system_stm32l4xx.o(i.SystemInit)
    i.UART_AdvFeatureConfig                  0x08002778   Section        0  stm32l4xx_hal_uart.o(i.UART_AdvFeatureConfig)
    i.UART_CheckIdleState                    0x08002840   Section        0  stm32l4xx_hal_uart.o(i.UART_CheckIdleState)
    i.UART_SetConfig                         0x08002898   Section        0  stm32l4xx_hal_uart.o(i.UART_SetConfig)
    i.UART_WaitOnFlagUntilTimeout            0x08002ae4   Section        0  stm32l4xx_hal_uart.o(i.UART_WaitOnFlagUntilTimeout)
    i.UsageFault_Handler                     0x08002b88   Section        0  stm32l4xx_it.o(i.UsageFault_Handler)
    i.VL53L0X_CheckAndLoadInterruptSettings  0x08002b8c   Section        0  vl53l0x_api.o(i.VL53L0X_CheckAndLoadInterruptSettings)
    i.VL53L0X_ClearInterruptMask             0x08002c08   Section        0  vl53l0x_api.o(i.VL53L0X_ClearInterruptMask)
    i.VL53L0X_DataInit                       0x08002c54   Section        0  vl53l0x_api.o(i.VL53L0X_DataInit)
    i.VL53L0X_GetDeviceParameters            0x08002d90   Section        0  vl53l0x_api.o(i.VL53L0X_GetDeviceParameters)
    i.VL53L0X_GetInterMeasurementPeriodMilliSeconds 0x08002e10   Section        0  vl53l0x_api.o(i.VL53L0X_GetInterMeasurementPeriodMilliSeconds)
    i.VL53L0X_GetInterruptMaskStatus         0x08002e46   Section        0  vl53l0x_api.o(i.VL53L0X_GetInterruptMaskStatus)
    i.VL53L0X_GetInterruptThresholds         0x08002e68   Section        0  vl53l0x_api.o(i.VL53L0X_GetInterruptThresholds)
    i.VL53L0X_GetLimitCheckEnable            0x08002e9c   Section        0  vl53l0x_api.o(i.VL53L0X_GetLimitCheckEnable)
    i.VL53L0X_GetLimitCheckValue             0x08002eb4   Section        0  vl53l0x_api.o(i.VL53L0X_GetLimitCheckValue)
    i.VL53L0X_GetMeasurementDataReady        0x08002f2e   Section        0  vl53l0x_api.o(i.VL53L0X_GetMeasurementDataReady)
    i.VL53L0X_GetMeasurementTimingBudgetMicroSeconds 0x08002f68   Section        0  vl53l0x_api.o(i.VL53L0X_GetMeasurementTimingBudgetMicroSeconds)
    i.VL53L0X_GetOffsetCalibrationDataMicroMeter 0x08002f6c   Section        0  vl53l0x_api.o(i.VL53L0X_GetOffsetCalibrationDataMicroMeter)
    i.VL53L0X_GetRangingMeasurementData      0x08002f70   Section        0  vl53l0x_api.o(i.VL53L0X_GetRangingMeasurementData)
    i.VL53L0X_GetSequenceStepEnables         0x0800309c   Section        0  vl53l0x_api.o(i.VL53L0X_GetSequenceStepEnables)
    i.VL53L0X_GetVcselPulsePeriod            0x0800310e   Section        0  vl53l0x_api.o(i.VL53L0X_GetVcselPulsePeriod)
    i.VL53L0X_GetWrapAroundCheckEnable       0x08003112   Section        0  vl53l0x_api.o(i.VL53L0X_GetWrapAroundCheckEnable)
    i.VL53L0X_GetXTalkCompensationEnable     0x0800313e   Section        0  vl53l0x_api.o(i.VL53L0X_GetXTalkCompensationEnable)
    i.VL53L0X_GetXTalkCompensationRateMegaCps 0x08003148   Section        0  vl53l0x_api.o(i.VL53L0X_GetXTalkCompensationRateMegaCps)
    i.VL53L0X_PerformSingleMeasurement       0x08003174   Section        0  vl53l0x_api.o(i.VL53L0X_PerformSingleMeasurement)
    i.VL53L0X_PerformSingleRangingMeasurement 0x08003196   Section        0  vl53l0x_api.o(i.VL53L0X_PerformSingleRangingMeasurement)
    i.VL53L0X_PollingDelay                   0x080031ca   Section        0  vl53l0x_tof.o(i.VL53L0X_PollingDelay)
    i.VL53L0X_RdByte                         0x080031d8   Section        0  vl53l0x_tof.o(i.VL53L0X_RdByte)
    i.VL53L0X_RdDWord                        0x08003200   Section        0  vl53l0x_tof.o(i.VL53L0X_RdDWord)
    i.VL53L0X_RdWord                         0x08003248   Section        0  vl53l0x_tof.o(i.VL53L0X_RdWord)
    i.VL53L0X_ReadMulti                      0x08003284   Section        0  vl53l0x_tof.o(i.VL53L0X_ReadMulti)
    i.VL53L0X_SetDeviceMode                  0x080032b4   Section        0  vl53l0x_api.o(i.VL53L0X_SetDeviceMode)
    i.VL53L0X_SetLimitCheckEnable            0x080032d8   Section        0  vl53l0x_api.o(i.VL53L0X_SetLimitCheckEnable)
    i.VL53L0X_SetLimitCheckValue             0x0800335a   Section        0  vl53l0x_api.o(i.VL53L0X_SetLimitCheckValue)
    i.VL53L0X_StartMeasurement               0x080033ac   Section        0  vl53l0x_api.o(i.VL53L0X_StartMeasurement)
    i.VL53L0X_UpdateByte                     0x08003432   Section        0  vl53l0x_tof.o(i.VL53L0X_UpdateByte)
    i.VL53L0X_WrByte                         0x0800345c   Section        0  vl53l0x_tof.o(i.VL53L0X_WrByte)
    i.VL53L0X_WrWord                         0x08003480   Section        0  vl53l0x_tof.o(i.VL53L0X_WrWord)
    i.VL53L0X_WriteMulti                     0x080034a8   Section        0  vl53l0x_tof.o(i.VL53L0X_WriteMulti)
    i.VL53L0X_calc_dmax                      0x080034e0   Section        0  vl53l0x_api_core.o(i.VL53L0X_calc_dmax)
    i.VL53L0X_calc_macro_period_ps           0x080035b8   Section        0  vl53l0x_api_core.o(i.VL53L0X_calc_macro_period_ps)
    i.VL53L0X_calc_sigma_estimate            0x080035c8   Section        0  vl53l0x_api_core.o(i.VL53L0X_calc_sigma_estimate)
    i.VL53L0X_calc_timeout_mclks             0x080037ba   Section        0  vl53l0x_api_core.o(i.VL53L0X_calc_timeout_mclks)
    i.VL53L0X_calc_timeout_us                0x080037dc   Section        0  vl53l0x_api_core.o(i.VL53L0X_calc_timeout_us)
    i.VL53L0X_decode_timeout                 0x080037fe   Section        0  vl53l0x_api_core.o(i.VL53L0X_decode_timeout)
    i.VL53L0X_decode_vcsel_period            0x0800380a   Section        0  vl53l0x_api_core.o(i.VL53L0X_decode_vcsel_period)
    i.VL53L0X_get_measurement_timing_budget_micro_seconds 0x08003812   Section        0  vl53l0x_api_core.o(i.VL53L0X_get_measurement_timing_budget_micro_seconds)
    i.VL53L0X_get_offset_calibration_data_micro_meter 0x080038d6   Section        0  vl53l0x_api_calibration.o(i.VL53L0X_get_offset_calibration_data_micro_meter)
    i.VL53L0X_get_pal_range_status           0x0800390c   Section        0  vl53l0x_api_core.o(i.VL53L0X_get_pal_range_status)
    i.VL53L0X_get_total_signal_rate          0x08003af0   Section        0  vl53l0x_api_core.o(i.VL53L0X_get_total_signal_rate)
    i.VL53L0X_get_total_xtalk_rate           0x08003b0c   Section        0  vl53l0x_api_core.o(i.VL53L0X_get_total_xtalk_rate)
    i.VL53L0X_get_vcsel_pulse_period         0x08003b3a   Section        0  vl53l0x_api_core.o(i.VL53L0X_get_vcsel_pulse_period)
    i.VL53L0X_isqrt                          0x08003b6a   Section        0  vl53l0x_api_core.o(i.VL53L0X_isqrt)
    i.VL53L0X_load_tuning_settings           0x08003b94   Section        0  vl53l0x_api_core.o(i.VL53L0X_load_tuning_settings)
    i.VL53L0X_measurement_poll_for_completion 0x08003c38   Section        0  vl53l0x_api_core.o(i.VL53L0X_measurement_poll_for_completion)
    i._I2CRead                               0x08003c6a   Section        0  vl53l0x_tof.o(i._I2CRead)
    i._I2CWrite                              0x08003c8a   Section        0  vl53l0x_tof.o(i._I2CWrite)
    i.__0sprintf                             0x08003ca8   Section        0  printfa.o(i.__0sprintf)
    i.__NVIC_SetPriority                     0x08003cd0   Section        0  stm32l4xx_hal_cortex.o(i.__NVIC_SetPriority)
    __NVIC_SetPriority                       0x08003cd1   Thumb Code    32  stm32l4xx_hal_cortex.o(i.__NVIC_SetPriority)
    i.__scatterload_copy                     0x08003cf0   Section       14  handlers.o(i.__scatterload_copy)
    i.__scatterload_null                     0x08003cfe   Section        2  handlers.o(i.__scatterload_null)
    i.__scatterload_zeroinit                 0x08003d00   Section       14  handlers.o(i.__scatterload_zeroinit)
    i._fp_digits                             0x08003d10   Section        0  printfa.o(i._fp_digits)
    _fp_digits                               0x08003d11   Thumb Code   366  printfa.o(i._fp_digits)
    i._printf_core                           0x08003e9c   Section        0  printfa.o(i._printf_core)
    _printf_core                             0x08003e9d   Thumb Code  1744  printfa.o(i._printf_core)
    i._printf_post_padding                   0x0800457e   Section        0  printfa.o(i._printf_post_padding)
    _printf_post_padding                     0x0800457f   Thumb Code    36  printfa.o(i._printf_post_padding)
    i._printf_pre_padding                    0x080045a2   Section        0  printfa.o(i._printf_pre_padding)
    _printf_pre_padding                      0x080045a3   Thumb Code    46  printfa.o(i._printf_pre_padding)
    i._sputc                                 0x080045d0   Section        0  printfa.o(i._sputc)
    _sputc                                   0x080045d1   Thumb Code    10  printfa.o(i._sputc)
    i.get_sequence_step_timeout              0x080045da   Section        0  vl53l0x_api_core.o(i.get_sequence_step_timeout)
    i.main                                   0x080046cc   Section        0  main.o(i.main)
    i.sequence_step_enabled                  0x08004808   Section        0  vl53l0x_api.o(i.sequence_step_enabled)
    i.serialSend                             0x08004840   Section        0  main.o(i.serialSend)
    .constdata                               0x08004860   Section       64  system_stm32l4xx.o(.constdata)
    .constdata                               0x080048a0   Section        8  system_stm32l4xx.o(.constdata)
    .data                                    0x20000000   Section       12  stm32l4xx_hal.o(.data)
    .data                                    0x2000000c   Section        4  system_stm32l4xx.o(.data)
    .data                                    0x20000010   Section      392  main.o(.data)
    .data                                    0x20000198   Section        4  stm32l4xx_it.o(.data)
    .data                                    0x2000019c   Section      681  vl53l0x_api.o(.data)
    .bss                                     0x20000448   Section       76  stm32l475e_iot01.o(.bss)
    .bss                                     0x20000494   Section      128  main.o(.bss)
    .bss                                     0x20000514   Section       64  vl53l0x_tof.o(.bss)
    STACK                                    0x20000558   Section     1024  startup_stm32l475xx.o(STACK)

    Global Symbols

    Symbol Name                              Value     Ov Type        Size  Object(Section)

    BuildAttributes$$THM_ISAv4$E$P$D$K$B$S$7EM$VFPi3$EXTD16$VFPS$VFMA$PE$A:L22UL41UL21$X:L11$S22US41US21$IEEE1$IW$USESV6$~STKCKD$USESV7$~SHL$OTIME$ROPI$EBA8$MICROLIB$REQ8$PRES8$EABIv2 0x00000000   Number         0  anon$$obj.o ABSOLUTE
    __ARM_use_no_argv                        0x00000000   Number         0  main.o ABSOLUTE
    _printf_a                                0x00000000   Number         0  stubs.o ABSOLUTE
    _printf_c                                0x00000000   Number         0  stubs.o ABSOLUTE
    _printf_charcount                        0x00000000   Number         0  stubs.o ABSOLUTE
    _printf_d                                0x00000000   Number         0  stubs.o ABSOLUTE
    _printf_e                                0x00000000   Number         0  stubs.o ABSOLUTE
    _printf_f                                0x00000000   Number         0  stubs.o ABSOLUTE
    _printf_flags                            0x00000000   Number         0  stubs.o ABSOLUTE
    _printf_fp_dec                           0x00000000   Number         0  stubs.o ABSOLUTE
    _printf_fp_hex                           0x00000000   Number         0  stubs.o ABSOLUTE
    _printf_g                                0x00000000   Number         0  stubs.o ABSOLUTE
    _printf_i                                0x00000000   Number         0  stubs.o ABSOLUTE
    _printf_int_dec                          0x00000000   Number         0  stubs.o ABSOLUTE
    _printf_l                                0x00000000   Number         0  stubs.o ABSOLUTE
    _printf_lc                               0x00000000   Number         0  stubs.o ABSOLUTE
    _printf_ll                               0x00000000   Number         0  stubs.o ABSOLUTE
    _printf_lld                              0x00000000   Number         0  stubs.o ABSOLUTE
    _printf_lli                              0x00000000   Number         0  stubs.o ABSOLUTE
    _printf_llo                              0x00000000   Number         0  stubs.o ABSOLUTE
    _printf_llu                              0x00000000   Number         0  stubs.o ABSOLUTE
    _printf_llx                              0x00000000   Number         0  stubs.o ABSOLUTE
    _printf_longlong_dec                     0x00000000   Number         0  stubs.o ABSOLUTE
    _printf_longlong_hex                     0x00000000   Number         0  stubs.o ABSOLUTE
    _printf_longlong_oct                     0x00000000   Number         0  stubs.o ABSOLUTE
    _printf_ls                               0x00000000   Number         0  stubs.o ABSOLUTE
    _printf_mbtowc                           0x00000000   Number         0  stubs.o ABSOLUTE
    _printf_n                                0x00000000   Number         0  stubs.o ABSOLUTE
    _printf_o                                0x00000000   Number         0  stubs.o ABSOLUTE
    _printf_p                                0x00000000   Number         0  stubs.o ABSOLUTE
    _printf_percent                          0x00000000   Number         0  stubs.o ABSOLUTE
    _printf_pre_padding                      0x00000000   Number         0  stubs.o ABSOLUTE
    _printf_return_value                     0x00000000   Number         0  stubs.o ABSOLUTE
    _printf_s                                0x00000000   Number         0  stubs.o ABSOLUTE
    _printf_sizespec                         0x00000000   Number         0  stubs.o ABSOLUTE
    _printf_str                              0x00000000   Number         0  stubs.o ABSOLUTE
    _printf_truncate_signed                  0x00000000   Number         0  stubs.o ABSOLUTE
    _printf_truncate_unsigned                0x00000000   Number         0  stubs.o ABSOLUTE
    _printf_u                                0x00000000   Number         0  stubs.o ABSOLUTE
    _printf_wc                               0x00000000   Number         0  stubs.o ABSOLUTE
    _printf_wctomb                           0x00000000   Number         0  stubs.o ABSOLUTE
    _printf_widthprec                        0x00000000   Number         0  stubs.o ABSOLUTE
    _printf_x                                0x00000000   Number         0  stubs.o ABSOLUTE
    __cpp_initialize__aeabi_                  - Undefined Weak Reference
    __cxa_finalize                            - Undefined Weak Reference
    _clock_init                               - Undefined Weak Reference
    _microlib_exit                            - Undefined Weak Reference
    __Vectors_Size                           0x00000188   Number         0  startup_stm32l475xx.o ABSOLUTE
    __Vectors                                0x08000000   Data           4  startup_stm32l475xx.o(RESET)
    __Vectors_End                            0x08000188   Data           0  startup_stm32l475xx.o(RESET)
    __main                                   0x08000189   Thumb Code     0  entry.o(.ARM.Collect$$$$00000000)
    _main_stk                                0x08000189   Thumb Code     0  entry2.o(.ARM.Collect$$$$00000001)
    _main_scatterload                        0x0800018d   Thumb Code     0  entry5.o(.ARM.Collect$$$$00000004)
    __main_after_scatterload                 0x08000191   Thumb Code     0  entry5.o(.ARM.Collect$$$$00000004)
    _main_clock                              0x08000191   Thumb Code     0  entry7b.o(.ARM.Collect$$$$00000008)
    _main_cpp_init                           0x08000191   Thumb Code     0  entry8b.o(.ARM.Collect$$$$0000000A)
    _main_init                               0x08000191   Thumb Code     0  entry9a.o(.ARM.Collect$$$$0000000B)
    __rt_final_cpp                           0x08000199   Thumb Code     0  entry10a.o(.ARM.Collect$$$$0000000D)
    __rt_final_exit                          0x08000199   Thumb Code     0  entry11a.o(.ARM.Collect$$$$0000000F)
    Reset_Handler                            0x0800019d   Thumb Code     8  startup_stm32l475xx.o(.text)
    ADC1_2_IRQHandler                        0x080001b7   Thumb Code     0  startup_stm32l475xx.o(.text)
    ADC3_IRQHandler                          0x080001b7   Thumb Code     0  startup_stm32l475xx.o(.text)
    CAN1_RX0_IRQHandler                      0x080001b7   Thumb Code     0  startup_stm32l475xx.o(.text)
    CAN1_RX1_IRQHandler                      0x080001b7   Thumb Code     0  startup_stm32l475xx.o(.text)
    CAN1_SCE_IRQHandler                      0x080001b7   Thumb Code     0  startup_stm32l475xx.o(.text)
    CAN1_TX_IRQHandler                       0x080001b7   Thumb Code     0  startup_stm32l475xx.o(.text)
    COMP_IRQHandler                          0x080001b7   Thumb Code     0  startup_stm32l475xx.o(.text)
    DFSDM1_FLT0_IRQHandler                   0x080001b7   Thumb Code     0  startup_stm32l475xx.o(.text)
    DFSDM1_FLT1_IRQHandler                   0x080001b7   Thumb Code     0  startup_stm32l475xx.o(.text)
    DFSDM1_FLT2_IRQHandler                   0x080001b7   Thumb Code     0  startup_stm32l475xx.o(.text)
    DFSDM1_FLT3_IRQHandler                   0x080001b7   Thumb Code     0  startup_stm32l475xx.o(.text)
    DMA1_Channel1_IRQHandler                 0x080001b7   Thumb Code     0  startup_stm32l475xx.o(.text)
    DMA1_Channel2_IRQHandler                 0x080001b7   Thumb Code     0  startup_stm32l475xx.o(.text)
    DMA1_Channel3_IRQHandler                 0x080001b7   Thumb Code     0  startup_stm32l475xx.o(.text)
    DMA1_Channel4_IRQHandler                 0x080001b7   Thumb Code     0  startup_stm32l475xx.o(.text)
    DMA1_Channel5_IRQHandler                 0x080001b7   Thumb Code     0  startup_stm32l475xx.o(.text)
    DMA1_Channel6_IRQHandler                 0x080001b7   Thumb Code     0  startup_stm32l475xx.o(.text)
    DMA1_Channel7_IRQHandler                 0x080001b7   Thumb Code     0  startup_stm32l475xx.o(.text)
    DMA2_Channel1_IRQHandler                 0x080001b7   Thumb Code     0  startup_stm32l475xx.o(.text)
    DMA2_Channel2_IRQHandler                 0x080001b7   Thumb Code     0  startup_stm32l475xx.o(.text)
    DMA2_Channel3_IRQHandler                 0x080001b7   Thumb Code     0  startup_stm32l475xx.o(.text)
    DMA2_Channel4_IRQHandler                 0x080001b7   Thumb Code     0  startup_stm32l475xx.o(.text)
    DMA2_Channel5_IRQHandler                 0x080001b7   Thumb Code     0  startup_stm32l475xx.o(.text)
    DMA2_Channel6_IRQHandler                 0x080001b7   Thumb Code     0  startup_stm32l475xx.o(.text)
    DMA2_Channel7_IRQHandler                 0x080001b7   Thumb Code     0  startup_stm32l475xx.o(.text)
    EXTI0_IRQHandler                         0x080001b7   Thumb Code     0  startup_stm32l475xx.o(.text)
    EXTI1_IRQHandler                         0x080001b7   Thumb Code     0  startup_stm32l475xx.o(.text)
    EXTI2_IRQHandler                         0x080001b7   Thumb Code     0  startup_stm32l475xx.o(.text)
    EXTI3_IRQHandler                         0x080001b7   Thumb Code     0  startup_stm32l475xx.o(.text)
    EXTI4_IRQHandler                         0x080001b7   Thumb Code     0  startup_stm32l475xx.o(.text)
    FLASH_IRQHandler                         0x080001b7   Thumb Code     0  startup_stm32l475xx.o(.text)
    FMC_IRQHandler                           0x080001b7   Thumb Code     0  startup_stm32l475xx.o(.text)
    FPU_IRQHandler                           0x080001b7   Thumb Code     0  startup_stm32l475xx.o(.text)
    I2C1_ER_IRQHandler                       0x080001b7   Thumb Code     0  startup_stm32l475xx.o(.text)
    I2C1_EV_IRQHandler                       0x080001b7   Thumb Code     0  startup_stm32l475xx.o(.text)
    I2C2_ER_IRQHandler                       0x080001b7   Thumb Code     0  startup_stm32l475xx.o(.text)
    I2C2_EV_IRQHandler                       0x080001b7   Thumb Code     0  startup_stm32l475xx.o(.text)
    I2C3_ER_IRQHandler                       0x080001b7   Thumb Code     0  startup_stm32l475xx.o(.text)
    I2C3_EV_IRQHandler                       0x080001b7   Thumb Code     0  startup_stm32l475xx.o(.text)
    LPTIM1_IRQHandler                        0x080001b7   Thumb Code     0  startup_stm32l475xx.o(.text)
    LPTIM2_IRQHandler                        0x080001b7   Thumb Code     0  startup_stm32l475xx.o(.text)
    LPUART1_IRQHandler                       0x080001b7   Thumb Code     0  startup_stm32l475xx.o(.text)
    OTG_FS_IRQHandler                        0x080001b7   Thumb Code     0  startup_stm32l475xx.o(.text)
    PVD_PVM_IRQHandler                       0x080001b7   Thumb Code     0  startup_stm32l475xx.o(.text)
    QUADSPI_IRQHandler                       0x080001b7   Thumb Code     0  startup_stm32l475xx.o(.text)
    RCC_IRQHandler                           0x080001b7   Thumb Code     0  startup_stm32l475xx.o(.text)
    RNG_IRQHandler                           0x080001b7   Thumb Code     0  startup_stm32l475xx.o(.text)
    RTC_Alarm_IRQHandler                     0x080001b7   Thumb Code     0  startup_stm32l475xx.o(.text)
    RTC_WKUP_IRQHandler                      0x080001b7   Thumb Code     0  startup_stm32l475xx.o(.text)
    SAI1_IRQHandler                          0x080001b7   Thumb Code     0  startup_stm32l475xx.o(.text)
    SAI2_IRQHandler                          0x080001b7   Thumb Code     0  startup_stm32l475xx.o(.text)
    SDMMC1_IRQHandler                        0x080001b7   Thumb Code     0  startup_stm32l475xx.o(.text)
    SPI1_IRQHandler                          0x080001b7   Thumb Code     0  startup_stm32l475xx.o(.text)
    SPI2_IRQHandler                          0x080001b7   Thumb Code     0  startup_stm32l475xx.o(.text)
    SPI3_IRQHandler                          0x080001b7   Thumb Code     0  startup_stm32l475xx.o(.text)
    SWPMI1_IRQHandler                        0x080001b7   Thumb Code     0  startup_stm32l475xx.o(.text)
    TAMP_STAMP_IRQHandler                    0x080001b7   Thumb Code     0  startup_stm32l475xx.o(.text)
    TIM1_BRK_TIM15_IRQHandler                0x080001b7   Thumb Code     0  startup_stm32l475xx.o(.text)
    TIM1_CC_IRQHandler                       0x080001b7   Thumb Code     0  startup_stm32l475xx.o(.text)
    TIM1_TRG_COM_TIM17_IRQHandler            0x080001b7   Thumb Code     0  startup_stm32l475xx.o(.text)
    TIM1_UP_TIM16_IRQHandler                 0x080001b7   Thumb Code     0  startup_stm32l475xx.o(.text)
    TIM2_IRQHandler                          0x080001b7   Thumb Code     0  startup_stm32l475xx.o(.text)
    TIM3_IRQHandler                          0x080001b7   Thumb Code     0  startup_stm32l475xx.o(.text)
    TIM4_IRQHandler                          0x080001b7   Thumb Code     0  startup_stm32l475xx.o(.text)
    TIM5_IRQHandler                          0x080001b7   Thumb Code     0  startup_stm32l475xx.o(.text)
    TIM6_DAC_IRQHandler                      0x080001b7   Thumb Code     0  startup_stm32l475xx.o(.text)
    TIM7_IRQHandler                          0x080001b7   Thumb Code     0  startup_stm32l475xx.o(.text)
    TIM8_BRK_IRQHandler                      0x080001b7   Thumb Code     0  startup_stm32l475xx.o(.text)
    TIM8_CC_IRQHandler                       0x080001b7   Thumb Code     0  startup_stm32l475xx.o(.text)
    TIM8_TRG_COM_IRQHandler                  0x080001b7   Thumb Code     0  startup_stm32l475xx.o(.text)
    TIM8_UP_IRQHandler                       0x080001b7   Thumb Code     0  startup_stm32l475xx.o(.text)
    TSC_IRQHandler                           0x080001b7   Thumb Code     0  startup_stm32l475xx.o(.text)
    UART4_IRQHandler                         0x080001b7   Thumb Code     0  startup_stm32l475xx.o(.text)
    UART5_IRQHandler                         0x080001b7   Thumb Code     0  startup_stm32l475xx.o(.text)
    USART1_IRQHandler                        0x080001b7   Thumb Code     0  startup_stm32l475xx.o(.text)
    USART2_IRQHandler                        0x080001b7   Thumb Code     0  startup_stm32l475xx.o(.text)
    USART3_IRQHandler                        0x080001b7   Thumb Code     0  startup_stm32l475xx.o(.text)
    WWDG_IRQHandler                          0x080001b7   Thumb Code     0  startup_stm32l475xx.o(.text)
    __aeabi_uldivmod                         0x080001c1   Thumb Code    98  uldiv.o(.text)
    __aeabi_memcpy                           0x08000229   Thumb Code    36  memcpya.o(.text)
    __aeabi_memcpy4                          0x08000229   Thumb Code     0  memcpya.o(.text)
    __aeabi_memcpy8                          0x08000229   Thumb Code     0  memcpya.o(.text)
    __aeabi_memset                           0x0800024d   Thumb Code    14  memseta.o(.text)
    __aeabi_memset4                          0x0800024d   Thumb Code     0  memseta.o(.text)
    __aeabi_memset8                          0x0800024d   Thumb Code     0  memseta.o(.text)
    __aeabi_memclr                           0x0800025b   Thumb Code     4  memseta.o(.text)
    __aeabi_memclr4                          0x0800025b   Thumb Code     0  memseta.o(.text)
    __aeabi_memclr8                          0x0800025b   Thumb Code     0  memseta.o(.text)
    _memset$wrapper                          0x0800025f   Thumb Code    18  memseta.o(.text)
    strlen                                   0x08000271   Thumb Code    14  strlen.o(.text)
    __aeabi_ddiv                             0x0800027f   Thumb Code   222  ddiv.o(.text)
    __aeabi_ui2d                             0x0800035d   Thumb Code    26  dfltui.o(.text)
    __aeabi_f2d                              0x08000377   Thumb Code    38  f2d.o(.text)
    __aeabi_d2f                              0x0800039d   Thumb Code    56  d2f.o(.text)
    __aeabi_uidiv                            0x080003d5   Thumb Code     0  uidiv.o(.text)
    __aeabi_uidivmod                         0x080003d5   Thumb Code    44  uidiv.o(.text)
    __aeabi_llsl                             0x08000401   Thumb Code    30  llshl.o(.text)
    _ll_shift_l                              0x08000401   Thumb Code     0  llshl.o(.text)
    __aeabi_llsr                             0x0800041f   Thumb Code    32  llushr.o(.text)
    _ll_ushift_r                             0x0800041f   Thumb Code     0  llushr.o(.text)
    __I$use$fp                               0x0800043f   Thumb Code     0  iusefp.o(.text)
    _float_round                             0x0800043f   Thumb Code    18  fepilogue.o(.text)
    _float_epilogue                          0x08000451   Thumb Code    92  fepilogue.o(.text)
    _double_round                            0x080004ad   Thumb Code    30  depilogue.o(.text)
    _double_epilogue                         0x080004cb   Thumb Code   156  depilogue.o(.text)
    __aeabi_dadd                             0x08000567   Thumb Code   322  dadd.o(.text)
    __aeabi_dsub                             0x080006a9   Thumb Code     6  dadd.o(.text)
    __aeabi_drsub                            0x080006af   Thumb Code     6  dadd.o(.text)
    __aeabi_dmul                             0x080006c5   Thumb Code   228  dmul.o(.text)
    __aeabi_d2ulz                            0x080007af   Thumb Code    48  dfixul.o(.text)
    __aeabi_cdrcmple                         0x080007e1   Thumb Code    48  cdrcmple.o(.text)
    __scatterload                            0x08000811   Thumb Code    28  init.o(.text)
    __scatterload_rt2                        0x08000811   Thumb Code     0  init.o(.text)
    __aeabi_lasr                             0x08000835   Thumb Code    36  llsshr.o(.text)
    _ll_sshift_r                             0x08000835   Thumb Code     0  llsshr.o(.text)
    __decompress                             0x08000859   Thumb Code     0  __dclz77c.o(.text)
    __decompress2                            0x08000859   Thumb Code    94  __dclz77c.o(.text)
    BusFault_Handler                         0x080008b7   Thumb Code     2  stm32l4xx_it.o(i.BusFault_Handler)
    DebugMon_Handler                         0x080008b9   Thumb Code     2  stm32l4xx_it.o(i.DebugMon_Handler)
    EXTI15_10_IRQHandler                     0x080008bd   Thumb Code    60  stm32l4xx_it.o(i.EXTI15_10_IRQHandler)
    EXTI9_5_IRQHandler                       0x080008fd   Thumb Code    32  stm32l4xx_it.o(i.EXTI9_5_IRQHandler)
    HAL_Delay                                0x0800091d   Thumb Code    32  stm32l4xx_hal.o(i.HAL_Delay)
    HAL_GPIO_EXTI_Callback                   0x08000941   Thumb Code     2  stm32l4xx_hal_gpio.o(i.HAL_GPIO_EXTI_Callback)
    HAL_GPIO_EXTI_IRQHandler                 0x08000945   Thumb Code    18  stm32l4xx_hal_gpio.o(i.HAL_GPIO_EXTI_IRQHandler)
    HAL_GPIO_Init                            0x0800095d   Thumb Code   570  stm32l4xx_hal_gpio.o(i.HAL_GPIO_Init)
    HAL_GPIO_WritePin                        0x08000bc3   Thumb Code    10  stm32l4xx_hal_gpio.o(i.HAL_GPIO_WritePin)
    HAL_GetTick                              0x08000bcd   Thumb Code     6  stm32l4xx_hal.o(i.HAL_GetTick)
    HAL_I2CEx_ConfigAnalogFilter             0x08000bd9   Thumb Code    86  stm32l4xx_hal_i2c_ex.o(i.HAL_I2CEx_ConfigAnalogFilter)
    HAL_I2C_Init                             0x08000c31   Thumb Code   178  stm32l4xx_hal_i2c.o(i.HAL_I2C_Init)
    HAL_I2C_Master_Receive                   0x08000ce9   Thumb Code   282  stm32l4xx_hal_i2c.o(i.HAL_I2C_Master_Receive)
    HAL_I2C_Master_Transmit                  0x08000e15   Thumb Code   282  stm32l4xx_hal_i2c.o(i.HAL_I2C_Master_Transmit)
    HAL_I2C_MspInit                          0x08000f3f   Thumb Code     2  stm32l4xx_hal_i2c.o(i.HAL_I2C_MspInit)
    HAL_IncTick                              0x08000f41   Thumb Code    12  stm32l4xx_hal.o(i.HAL_IncTick)
    HAL_Init                                 0x08000f51   Thumb Code    30  stm32l4xx_hal.o(i.HAL_Init)
    HAL_InitTick                             0x08000f71   Thumb Code    58  stm32l4xx_hal.o(i.HAL_InitTick)
    HAL_MspInit                              0x08000fb5   Thumb Code    38  stm32l4xx_hal_msp.o(i.HAL_MspInit)
    HAL_NVIC_EnableIRQ                       0x08000fe1   Thumb Code    26  stm32l4xx_hal_cortex.o(i.HAL_NVIC_EnableIRQ)
    HAL_NVIC_SetPriority                     0x08000ffd   Thumb Code    60  stm32l4xx_hal_cortex.o(i.HAL_NVIC_SetPriority)
    HAL_NVIC_SetPriorityGrouping             0x0800103d   Thumb Code    26  stm32l4xx_hal_cortex.o(i.HAL_NVIC_SetPriorityGrouping)
    HAL_PWREx_ControlVoltageScaling          0x08001061   Thumb Code    90  stm32l4xx_hal_pwr_ex.o(i.HAL_PWREx_ControlVoltageScaling)
    HAL_PWREx_GetVoltageRange                0x080010c9   Thumb Code    10  stm32l4xx_hal_pwr_ex.o(i.HAL_PWREx_GetVoltageRange)
    HAL_RCCEx_PeriphCLKConfig                0x080010d9   Thumb Code   928  stm32l4xx_hal_rcc_ex.o(i.HAL_RCCEx_PeriphCLKConfig)
    HAL_RCC_ClockConfig                      0x08001489   Thumb Code   266  stm32l4xx_hal_rcc.o(i.HAL_RCC_ClockConfig)
    HAL_RCC_GetPCLK1Freq                     0x080015a9   Thumb Code    24  stm32l4xx_hal_rcc.o(i.HAL_RCC_GetPCLK1Freq)
    HAL_RCC_GetPCLK2Freq                     0x080015cd   Thumb Code    24  stm32l4xx_hal_rcc.o(i.HAL_RCC_GetPCLK2Freq)
    HAL_RCC_GetSysClockFreq                  0x080015f1   Thumb Code   150  stm32l4xx_hal_rcc.o(i.HAL_RCC_GetSysClockFreq)
    HAL_RCC_OscConfig                        0x08001695   Thumb Code  1310  stm32l4xx_hal_rcc.o(i.HAL_RCC_OscConfig)
    HAL_SYSTICK_Config                       0x08001bbd   Thumb Code    40  stm32l4xx_hal_cortex.o(i.HAL_SYSTICK_Config)
    HAL_UART_Init                            0x08001be5   Thumb Code   102  stm32l4xx_hal_uart.o(i.HAL_UART_Init)
    HAL_UART_MspInit                         0x08001c4d   Thumb Code    88  stm32l4xx_hal_msp.o(i.HAL_UART_MspInit)
    HAL_UART_Transmit                        0x08001cb1   Thumb Code   182  stm32l4xx_hal_uart.o(i.HAL_UART_Transmit)
    HardFault_Handler                        0x08001d67   Thumb Code     2  stm32l4xx_it.o(i.HardFault_Handler)
    MemManage_Handler                        0x080023f9   Thumb Code     2  stm32l4xx_it.o(i.MemManage_Handler)
    NMI_Handler                              0x080023fb   Thumb Code     2  stm32l4xx_it.o(i.NMI_Handler)
    PendSV_Handler                           0x080023fd   Thumb Code     2  stm32l4xx_it.o(i.PendSV_Handler)
    SENSOR_IO_Init                           0x080026b1   Thumb Code     6  stm32l475e_iot01.o(i.SENSOR_IO_Init)
    SVC_Handler                              0x080026bd   Thumb Code     2  stm32l4xx_it.o(i.SVC_Handler)
    SysTick_Handler                          0x080026bf   Thumb Code     4  stm32l4xx_it.o(i.SysTick_Handler)
    SystemClock_Config                       0x080026c3   Thumb Code   112  main.o(i.SystemClock_Config)
    SystemInit                               0x08002735   Thumb Code    56  system_stm32l4xx.o(i.SystemInit)
    UART_AdvFeatureConfig                    0x08002779   Thumb Code   200  stm32l4xx_hal_uart.o(i.UART_AdvFeatureConfig)
    UART_CheckIdleState                      0x08002841   Thumb Code    88  stm32l4xx_hal_uart.o(i.UART_CheckIdleState)
    UART_SetConfig                           0x08002899   Thumb Code   548  stm32l4xx_hal_uart.o(i.UART_SetConfig)
    UART_WaitOnFlagUntilTimeout              0x08002ae5   Thumb Code   164  stm32l4xx_hal_uart.o(i.UART_WaitOnFlagUntilTimeout)
    UsageFault_Handler                       0x08002b89   Thumb Code     2  stm32l4xx_it.o(i.UsageFault_Handler)
    VL53L0X_CheckAndLoadInterruptSettings    0x08002b8d   Thumb Code   118  vl53l0x_api.o(i.VL53L0X_CheckAndLoadInterruptSettings)
    VL53L0X_ClearInterruptMask               0x08002c09   Thumb Code    76  vl53l0x_api.o(i.VL53L0X_ClearInterruptMask)
    VL53L0X_DataInit                         0x08002c55   Thumb Code   306  vl53l0x_api.o(i.VL53L0X_DataInit)
    VL53L0X_GetDeviceParameters              0x08002d91   Thumb Code   128  vl53l0x_api.o(i.VL53L0X_GetDeviceParameters)
    VL53L0X_GetInterMeasurementPeriodMilliSeconds 0x08002e11   Thumb Code    54  vl53l0x_api.o(i.VL53L0X_GetInterMeasurementPeriodMilliSeconds)
    VL53L0X_GetInterruptMaskStatus           0x08002e47   Thumb Code    34  vl53l0x_api.o(i.VL53L0X_GetInterruptMaskStatus)
    VL53L0X_GetInterruptThresholds           0x08002e69   Thumb Code    52  vl53l0x_api.o(i.VL53L0X_GetInterruptThresholds)
    VL53L0X_GetLimitCheckEnable              0x08002e9d   Thumb Code    24  vl53l0x_api.o(i.VL53L0X_GetLimitCheckEnable)
    VL53L0X_GetLimitCheckValue               0x08002eb5   Thumb Code   122  vl53l0x_api.o(i.VL53L0X_GetLimitCheckValue)
    VL53L0X_GetMeasurementDataReady          0x08002f2f   Thumb Code    58  vl53l0x_api.o(i.VL53L0X_GetMeasurementDataReady)
    VL53L0X_GetMeasurementTimingBudgetMicroSeconds 0x08002f69   Thumb Code     4  vl53l0x_api.o(i.VL53L0X_GetMeasurementTimingBudgetMicroSeconds)
    VL53L0X_GetOffsetCalibrationDataMicroMeter 0x08002f6d   Thumb Code     4  vl53l0x_api.o(i.VL53L0X_GetOffsetCalibrationDataMicroMeter)
    VL53L0X_GetRangingMeasurementData        0x08002f71   Thumb Code   300  vl53l0x_api.o(i.VL53L0X_GetRangingMeasurementData)
    VL53L0X_GetSequenceStepEnables           0x0800309d   Thumb Code   114  vl53l0x_api.o(i.VL53L0X_GetSequenceStepEnables)
    VL53L0X_GetVcselPulsePeriod              0x0800310f   Thumb Code     4  vl53l0x_api.o(i.VL53L0X_GetVcselPulsePeriod)
    VL53L0X_GetWrapAroundCheckEnable         0x08003113   Thumb Code    44  vl53l0x_api.o(i.VL53L0X_GetWrapAroundCheckEnable)
    VL53L0X_GetXTalkCompensationEnable       0x0800313f   Thumb Code    10  vl53l0x_api.o(i.VL53L0X_GetXTalkCompensationEnable)
    VL53L0X_GetXTalkCompensationRateMegaCps  0x08003149   Thumb Code    44  vl53l0x_api.o(i.VL53L0X_GetXTalkCompensationRateMegaCps)
    VL53L0X_PerformSingleMeasurement         0x08003175   Thumb Code    34  vl53l0x_api.o(i.VL53L0X_PerformSingleMeasurement)
    VL53L0X_PerformSingleRangingMeasurement  0x08003197   Thumb Code    52  vl53l0x_api.o(i.VL53L0X_PerformSingleRangingMeasurement)
    VL53L0X_PollingDelay                     0x080031cb   Thumb Code    14  vl53l0x_tof.o(i.VL53L0X_PollingDelay)
    VL53L0X_RdByte                           0x080031d9   Thumb Code    40  vl53l0x_tof.o(i.VL53L0X_RdByte)
    VL53L0X_RdDWord                          0x08003201   Thumb Code    66  vl53l0x_tof.o(i.VL53L0X_RdDWord)
    VL53L0X_RdWord                           0x08003249   Thumb Code    54  vl53l0x_tof.o(i.VL53L0X_RdWord)
    VL53L0X_ReadMulti                        0x08003285   Thumb Code    48  vl53l0x_tof.o(i.VL53L0X_ReadMulti)
    VL53L0X_SetDeviceMode                    0x080032b5   Thumb Code    36  vl53l0x_api.o(i.VL53L0X_SetDeviceMode)
    VL53L0X_SetLimitCheckEnable              0x080032d9   Thumb Code   130  vl53l0x_api.o(i.VL53L0X_SetLimitCheckEnable)
    VL53L0X_SetLimitCheckValue               0x0800335b   Thumb Code    80  vl53l0x_api.o(i.VL53L0X_SetLimitCheckValue)
    VL53L0X_StartMeasurement                 0x080033ad   Thumb Code   134  vl53l0x_api.o(i.VL53L0X_StartMeasurement)
    VL53L0X_UpdateByte                       0x08003433   Thumb Code    42  vl53l0x_tof.o(i.VL53L0X_UpdateByte)
    VL53L0X_WrByte                           0x0800345d   Thumb Code    32  vl53l0x_tof.o(i.VL53L0X_WrByte)
    VL53L0X_WrWord                           0x08003481   Thumb Code    36  vl53l0x_tof.o(i.VL53L0X_WrWord)
    VL53L0X_WriteMulti                       0x080034a9   Thumb Code    52  vl53l0x_tof.o(i.VL53L0X_WriteMulti)
    VL53L0X_calc_dmax                        0x080034e1   Thumb Code   212  vl53l0x_api_core.o(i.VL53L0X_calc_dmax)
    VL53L0X_calc_macro_period_ps             0x080035b9   Thumb Code    16  vl53l0x_api_core.o(i.VL53L0X_calc_macro_period_ps)
    VL53L0X_calc_sigma_estimate              0x080035c9   Thumb Code   480  vl53l0x_api_core.o(i.VL53L0X_calc_sigma_estimate)
    VL53L0X_calc_timeout_mclks               0x080037bb   Thumb Code    34  vl53l0x_api_core.o(i.VL53L0X_calc_timeout_mclks)
    VL53L0X_calc_timeout_us                  0x080037dd   Thumb Code    34  vl53l0x_api_core.o(i.VL53L0X_calc_timeout_us)
    VL53L0X_decode_timeout                   0x080037ff   Thumb Code    12  vl53l0x_api_core.o(i.VL53L0X_decode_timeout)
    VL53L0X_decode_vcsel_period              0x0800380b   Thumb Code     8  vl53l0x_api_core.o(i.VL53L0X_decode_vcsel_period)
    VL53L0X_get_measurement_timing_budget_micro_seconds 0x08003813   Thumb Code   196  vl53l0x_api_core.o(i.VL53L0X_get_measurement_timing_budget_micro_seconds)
    VL53L0X_get_offset_calibration_data_micro_meter 0x080038d7   Thumb Code    52  vl53l0x_api_calibration.o(i.VL53L0X_get_offset_calibration_data_micro_meter)
    VL53L0X_get_pal_range_status             0x0800390d   Thumb Code   478  vl53l0x_api_core.o(i.VL53L0X_get_pal_range_status)
    VL53L0X_get_total_signal_rate            0x08003af1   Thumb Code    28  vl53l0x_api_core.o(i.VL53L0X_get_total_signal_rate)
    VL53L0X_get_total_xtalk_rate             0x08003b0d   Thumb Code    46  vl53l0x_api_core.o(i.VL53L0X_get_total_xtalk_rate)
    VL53L0X_get_vcsel_pulse_period           0x08003b3b   Thumb Code    48  vl53l0x_api_core.o(i.VL53L0X_get_vcsel_pulse_period)
    VL53L0X_isqrt                            0x08003b6b   Thumb Code    42  vl53l0x_api_core.o(i.VL53L0X_isqrt)
    VL53L0X_load_tuning_settings             0x08003b95   Thumb Code   164  vl53l0x_api_core.o(i.VL53L0X_load_tuning_settings)
    VL53L0X_measurement_poll_for_completion  0x08003c39   Thumb Code    50  vl53l0x_api_core.o(i.VL53L0X_measurement_poll_for_completion)
    _I2CRead                                 0x08003c6b   Thumb Code    32  vl53l0x_tof.o(i._I2CRead)
    _I2CWrite                                0x08003c8b   Thumb Code    28  vl53l0x_tof.o(i._I2CWrite)
    __0sprintf                               0x08003ca9   Thumb Code    34  printfa.o(i.__0sprintf)
    __1sprintf                               0x08003ca9   Thumb Code     0  printfa.o(i.__0sprintf)
    __2sprintf                               0x08003ca9   Thumb Code     0  printfa.o(i.__0sprintf)
    __c89sprintf                             0x08003ca9   Thumb Code     0  printfa.o(i.__0sprintf)
    sprintf                                  0x08003ca9   Thumb Code     0  printfa.o(i.__0sprintf)
    __scatterload_copy                       0x08003cf1   Thumb Code    14  handlers.o(i.__scatterload_copy)
    __scatterload_null                       0x08003cff   Thumb Code     2  handlers.o(i.__scatterload_null)
    __scatterload_zeroinit                   0x08003d01   Thumb Code    14  handlers.o(i.__scatterload_zeroinit)
    get_sequence_step_timeout                0x080045db   Thumb Code   242  vl53l0x_api_core.o(i.get_sequence_step_timeout)
    main                                     0x080046cd   Thumb Code   194  main.o(i.main)
    sequence_step_enabled                    0x08004809   Thumb Code    56  vl53l0x_api.o(i.sequence_step_enabled)
    serialSend                               0x08004841   Thumb Code    26  main.o(i.serialSend)
    AHBPrescTable                            0x08004860   Data          16  system_stm32l4xx.o(.constdata)
    MSIRangeTable                            0x08004870   Data          48  system_stm32l4xx.o(.constdata)
    APBPrescTable                            0x080048a0   Data           8  system_stm32l4xx.o(.constdata)
    Region$$Table$$Base                      0x080048a8   Number         0  anon$$obj.o(Region$$Table)
    Region$$Table$$Limit                     0x080048c8   Number         0  anon$$obj.o(Region$$Table)
    uwTickFreq                               0x20000000   Data           1  stm32l4xx_hal.o(.data)
    uwTickPrio                               0x20000004   Data           4  stm32l4xx_hal.o(.data)
    uwTick                                   0x20000008   Data           4  stm32l4xx_hal.o(.data)
    SystemCoreClock                          0x2000000c   Data           4  system_stm32l4xx.o(.data)
    Dev                                      0x20000010   Data         392  main.o(.data)
    metricImperial                           0x20000198   Data           4  stm32l4xx_it.o(.data)
    DefaultTuningSettings                    0x2000019c   Data         243  vl53l0x_api.o(.data)
    InterruptThresholdSettings               0x2000028f   Data         438  vl53l0x_api.o(.data)
    hI2cHandler                              0x20000448   Data          76  stm32l475e_iot01.o(.bss)
    huart1                                   0x20000494   Data         128  main.o(.bss)
    _I2CBuffer                               0x20000514   Data          64  vl53l0x_tof.o(.bss)
    __initial_sp                             0x20000958   Data           0  startup_stm32l475xx.o(STACK)



==============================================================================

Memory Map of the image

  Image Entry point : 0x08000189

  Load Region LR_IROM1 (Base: 0x08000000, Size: 0x00004d10, Max: 0x00100000, ABSOLUTE, COMPRESSED[0x00004b5c])

    Execution Region ER_IROM1 (Exec base: 0x08000000, Load base: 0x08000000, Size: 0x000048c8, Max: 0x00100000, ABSOLUTE)

    Exec Addr    Load Addr    Size         Type   Attr      Idx    E Section Name        Object

    0x08000000   0x08000000   0x00000188   Data   RO         3131    RESET               startup_stm32l475xx.o
    0x08000188   0x08000188   0x00000000   Code   RO         4310  * .ARM.Collect$$$$00000000  mc_w.l(entry.o)
    0x08000188   0x08000188   0x00000004   Code   RO         4594    .ARM.Collect$$$$00000001  mc_w.l(entry2.o)
    0x0800018c   0x0800018c   0x00000004   Code   RO         4597    .ARM.Collect$$$$00000004  mc_w.l(entry5.o)
    0x08000190   0x08000190   0x00000000   Code   RO         4599    .ARM.Collect$$$$00000008  mc_w.l(entry7b.o)
    0x08000190   0x08000190   0x00000000   Code   RO         4601    .ARM.Collect$$$$0000000A  mc_w.l(entry8b.o)
    0x08000190   0x08000190   0x00000008   Code   RO         4602    .ARM.Collect$$$$0000000B  mc_w.l(entry9a.o)
    0x08000198   0x08000198   0x00000000   Code   RO         4604    .ARM.Collect$$$$0000000D  mc_w.l(entry10a.o)
    0x08000198   0x08000198   0x00000000   Code   RO         4606    .ARM.Collect$$$$0000000F  mc_w.l(entry11a.o)
    0x08000198   0x08000198   0x00000004   Code   RO         4595    .ARM.Collect$$$$00002712  mc_w.l(entry2.o)
    0x0800019c   0x0800019c   0x00000024   Code   RO         3132    .text               startup_stm32l475xx.o
    0x080001c0   0x080001c0   0x00000068   Code   RO         4313    .text               mc_w.l(uldiv.o)
    0x08000228   0x08000228   0x00000024   Code   RO         4315    .text               mc_w.l(memcpya.o)
    0x0800024c   0x0800024c   0x00000024   Code   RO         4317    .text               mc_w.l(memseta.o)
    0x08000270   0x08000270   0x0000000e   Code   RO         4319    .text               mc_w.l(strlen.o)
    0x0800027e   0x0800027e   0x000000de   Code   RO         4586    .text               mf_w.l(ddiv.o)
    0x0800035c   0x0800035c   0x0000001a   Code   RO         4588    .text               mf_w.l(dfltui.o)
    0x08000376   0x08000376   0x00000026   Code   RO         4590    .text               mf_w.l(f2d.o)
    0x0800039c   0x0800039c   0x00000038   Code   RO         4592    .text               mf_w.l(d2f.o)
    0x080003d4   0x080003d4   0x0000002c   Code   RO         4611    .text               mc_w.l(uidiv.o)
    0x08000400   0x08000400   0x0000001e   Code   RO         4613    .text               mc_w.l(llshl.o)
    0x0800041e   0x0800041e   0x00000020   Code   RO         4615    .text               mc_w.l(llushr.o)
    0x0800043e   0x0800043e   0x00000000   Code   RO         4617    .text               mc_w.l(iusefp.o)
    0x0800043e   0x0800043e   0x0000006e   Code   RO         4618    .text               mf_w.l(fepilogue.o)
    0x080004ac   0x080004ac   0x000000ba   Code   RO         4620    .text               mf_w.l(depilogue.o)
    0x08000566   0x08000566   0x0000015e   Code   RO         4622    .text               mf_w.l(dadd.o)
    0x080006c4   0x080006c4   0x000000ea   Code   RO         4624    .text               mf_w.l(dmul.o)
    0x080007ae   0x080007ae   0x00000030   Code   RO         4626    .text               mf_w.l(dfixul.o)
    0x080007de   0x080007de   0x00000002   PAD
    0x080007e0   0x080007e0   0x00000030   Code   RO         4628    .text               mf_w.l(cdrcmple.o)
    0x08000810   0x08000810   0x00000024   Code   RO         4630    .text               mc_w.l(init.o)
    0x08000834   0x08000834   0x00000024   Code   RO         4633    .text               mc_w.l(llsshr.o)
    0x08000858   0x08000858   0x0000005e   Code   RO         4644    .text               mc_w.l(__dclz77c.o)
    0x080008b6   0x080008b6   0x00000002   Code   RO         2976    i.BusFault_Handler  stm32l4xx_it.o
    0x080008b8   0x080008b8   0x00000002   Code   RO         2977    i.DebugMon_Handler  stm32l4xx_it.o
    0x080008ba   0x080008ba   0x00000002   PAD
    0x080008bc   0x080008bc   0x00000040   Code   RO         2978    i.EXTI15_10_IRQHandler  stm32l4xx_it.o
    0x080008fc   0x080008fc   0x00000020   Code   RO         2979    i.EXTI9_5_IRQHandler  stm32l4xx_it.o
    0x0800091c   0x0800091c   0x00000024   Code   RO          803    i.HAL_Delay         stm32l4xx_hal.o
    0x08000940   0x08000940   0x00000002   Code   RO         2007    i.HAL_GPIO_EXTI_Callback  stm32l4xx_hal_gpio.o
    0x08000942   0x08000942   0x00000002   PAD
    0x08000944   0x08000944   0x00000018   Code   RO         2008    i.HAL_GPIO_EXTI_IRQHandler  stm32l4xx_hal_gpio.o
    0x0800095c   0x0800095c   0x00000266   Code   RO         2009    i.HAL_GPIO_Init     stm32l4xx_hal_gpio.o
    0x08000bc2   0x08000bc2   0x0000000a   Code   RO         2013    i.HAL_GPIO_WritePin  stm32l4xx_hal_gpio.o
    0x08000bcc   0x08000bcc   0x0000000c   Code   RO          807    i.HAL_GetTick       stm32l4xx_hal.o
    0x08000bd8   0x08000bd8   0x00000056   Code   RO         1492    i.HAL_I2CEx_ConfigAnalogFilter  stm32l4xx_hal_i2c_ex.o
    0x08000c2e   0x08000c2e   0x00000002   PAD
    0x08000c30   0x08000c30   0x000000b8   Code   RO         1041    i.HAL_I2C_Init      stm32l4xx_hal_i2c.o
    0x08000ce8   0x08000ce8   0x0000012a   Code   RO         1047    i.HAL_I2C_Master_Receive  stm32l4xx_hal_i2c.o
    0x08000e12   0x08000e12   0x00000002   PAD
    0x08000e14   0x08000e14   0x0000012a   Code   RO         1054    i.HAL_I2C_Master_Transmit  stm32l4xx_hal_i2c.o
    0x08000f3e   0x08000f3e   0x00000002   Code   RO         1066    i.HAL_I2C_MspInit   stm32l4xx_hal_i2c.o
    0x08000f40   0x08000f40   0x00000010   Code   RO          813    i.HAL_IncTick       stm32l4xx_hal.o
    0x08000f50   0x08000f50   0x0000001e   Code   RO          814    i.HAL_Init          stm32l4xx_hal.o
    0x08000f6e   0x08000f6e   0x00000002   PAD
    0x08000f70   0x08000f70   0x00000044   Code   RO          815    i.HAL_InitTick      stm32l4xx_hal.o
    0x08000fb4   0x08000fb4   0x0000002c   Code   RO         3096    i.HAL_MspInit       stm32l4xx_hal_msp.o
    0x08000fe0   0x08000fe0   0x0000001a   Code   RO         2556    i.HAL_NVIC_EnableIRQ  stm32l4xx_hal_cortex.o
    0x08000ffa   0x08000ffa   0x00000002   PAD
    0x08000ffc   0x08000ffc   0x00000040   Code   RO         2562    i.HAL_NVIC_SetPriority  stm32l4xx_hal_cortex.o
    0x0800103c   0x0800103c   0x00000024   Code   RO         2563    i.HAL_NVIC_SetPriorityGrouping  stm32l4xx_hal_cortex.o
    0x08001060   0x08001060   0x00000068   Code   RO         2300    i.HAL_PWREx_ControlVoltageScaling  stm32l4xx_hal_pwr_ex.o
    0x080010c8   0x080010c8   0x00000010   Code   RO         2331    i.HAL_PWREx_GetVoltageRange  stm32l4xx_hal_pwr_ex.o
    0x080010d8   0x080010d8   0x000003ae   Code   RO         1662    i.HAL_RCCEx_PeriphCLKConfig  stm32l4xx_hal_rcc_ex.o
    0x08001486   0x08001486   0x00000002   PAD
    0x08001488   0x08001488   0x00000120   Code   RO         1547    i.HAL_RCC_ClockConfig  stm32l4xx_hal_rcc.o
    0x080015a8   0x080015a8   0x00000024   Code   RO         1553    i.HAL_RCC_GetPCLK1Freq  stm32l4xx_hal_rcc.o
    0x080015cc   0x080015cc   0x00000024   Code   RO         1554    i.HAL_RCC_GetPCLK2Freq  stm32l4xx_hal_rcc.o
    0x080015f0   0x080015f0   0x000000a4   Code   RO         1555    i.HAL_RCC_GetSysClockFreq  stm32l4xx_hal_rcc.o
    0x08001694   0x08001694   0x00000528   Code   RO         1558    i.HAL_RCC_OscConfig  stm32l4xx_hal_rcc.o
    0x08001bbc   0x08001bbc   0x00000028   Code   RO         2567    i.HAL_SYSTICK_Config  stm32l4xx_hal_cortex.o
    0x08001be4   0x08001be4   0x00000066   Code   RO          384    i.HAL_UART_Init     stm32l4xx_hal_uart.o
    0x08001c4a   0x08001c4a   0x00000002   PAD
    0x08001c4c   0x08001c4c   0x00000064   Code   RO         3098    i.HAL_UART_MspInit  stm32l4xx_hal_msp.o
    0x08001cb0   0x08001cb0   0x000000b6   Code   RO          393    i.HAL_UART_Transmit  stm32l4xx_hal_uart.o
    0x08001d66   0x08001d66   0x00000002   Code   RO         2980    i.HardFault_Handler  stm32l4xx_it.o
    0x08001d68   0x08001d68   0x00000022   Code   RO         1088    i.I2C_Flush_TXDR    stm32l4xx_hal_i2c.o
    0x08001d8a   0x08001d8a   0x00000002   PAD
    0x08001d8c   0x08001d8c   0x00000084   Code   RO         1096    i.I2C_IsAcknowledgeFailed  stm32l4xx_hal_i2c.o
    0x08001e10   0x08001e10   0x0000002c   Code   RO         1103    i.I2C_TransferConfig  stm32l4xx_hal_i2c.o
    0x08001e3c   0x08001e3c   0x00000058   Code   RO         1105    i.I2C_WaitOnFlagUntilTimeout  stm32l4xx_hal_i2c.o
    0x08001e94   0x08001e94   0x00000084   Code   RO         1106    i.I2C_WaitOnRXNEFlagUntilTimeout  stm32l4xx_hal_i2c.o
    0x08001f18   0x08001f18   0x0000004c   Code   RO         1107    i.I2C_WaitOnSTOPFlagUntilTimeout  stm32l4xx_hal_i2c.o
    0x08001f64   0x08001f64   0x00000050   Code   RO         1108    i.I2C_WaitOnTXISFlagUntilTimeout  stm32l4xx_hal_i2c.o
    0x08001fb4   0x08001fb4   0x0000003c   Code   RO           17    i.I2Cx_Init         stm32l475e_iot01.o
    0x08001ff0   0x08001ff0   0x0000008c   Code   RO           18    i.I2Cx_MspInit      stm32l475e_iot01.o
    0x0800207c   0x0800207c   0x0000034e   Code   RO         2797    i.MX_GPIO_Init      main.o
    0x080023ca   0x080023ca   0x00000002   PAD
    0x080023cc   0x080023cc   0x0000002c   Code   RO         2798    i.MX_USART1_UART_Init  main.o
    0x080023f8   0x080023f8   0x00000002   Code   RO         2981    i.MemManage_Handler  stm32l4xx_it.o
    0x080023fa   0x080023fa   0x00000002   Code   RO         2982    i.NMI_Handler       stm32l4xx_it.o
    0x080023fc   0x080023fc   0x00000002   Code   RO         2983    i.PendSV_Handler    stm32l4xx_it.o
    0x080023fe   0x080023fe   0x00000002   PAD
    0x08002400   0x08002400   0x0000012c   Code   RO         1666    i.RCCEx_PLLSAI1_Config  stm32l4xx_hal_rcc_ex.o
    0x0800252c   0x0800252c   0x00000108   Code   RO         1667    i.RCCEx_PLLSAI2_Config  stm32l4xx_hal_rcc_ex.o
    0x08002634   0x08002634   0x0000007c   Code   RO         1559    i.RCC_SetFlashLatencyFromMSIRange  stm32l4xx_hal_rcc.o
    0x080026b0   0x080026b0   0x0000000c   Code   RO           31    i.SENSOR_IO_Init    stm32l475e_iot01.o
    0x080026bc   0x080026bc   0x00000002   Code   RO         2984    i.SVC_Handler       stm32l4xx_it.o
    0x080026be   0x080026be   0x00000004   Code   RO         2985    i.SysTick_Handler   stm32l4xx_it.o
    0x080026c2   0x080026c2   0x00000070   Code   RO         2799    i.SystemClock_Config  main.o
    0x08002732   0x08002732   0x00000002   PAD
    0x08002734   0x08002734   0x00000044   Code   RO         2759    i.SystemInit        system_stm32l4xx.o
    0x08002778   0x08002778   0x000000c8   Code   RO          398    i.UART_AdvFeatureConfig  stm32l4xx_hal_uart.o
    0x08002840   0x08002840   0x00000058   Code   RO          399    i.UART_CheckIdleState  stm32l4xx_hal_uart.o
    0x08002898   0x08002898   0x0000024c   Code   RO          414    i.UART_SetConfig    stm32l4xx_hal_uart.o
    0x08002ae4   0x08002ae4   0x000000a4   Code   RO          417    i.UART_WaitOnFlagUntilTimeout  stm32l4xx_hal_uart.o
    0x08002b88   0x08002b88   0x00000002   Code   RO         2986    i.UsageFault_Handler  stm32l4xx_it.o
    0x08002b8a   0x08002b8a   0x00000002   PAD
    0x08002b8c   0x08002b8c   0x0000007c   Code   RO         3235    i.VL53L0X_CheckAndLoadInterruptSettings  vl53l0x_api.o
    0x08002c08   0x08002c08   0x0000004c   Code   RO         3236    i.VL53L0X_ClearInterruptMask  vl53l0x_api.o
    0x08002c54   0x08002c54   0x0000013c   Code   RO         3237    i.VL53L0X_DataInit  vl53l0x_api.o
    0x08002d90   0x08002d90   0x00000080   Code   RO         3243    i.VL53L0X_GetDeviceParameters  vl53l0x_api.o
    0x08002e10   0x08002e10   0x00000036   Code   RO         3249    i.VL53L0X_GetInterMeasurementPeriodMilliSeconds  vl53l0x_api.o
    0x08002e46   0x08002e46   0x00000022   Code   RO         3250    i.VL53L0X_GetInterruptMaskStatus  vl53l0x_api.o
    0x08002e68   0x08002e68   0x00000034   Code   RO         3251    i.VL53L0X_GetInterruptThresholds  vl53l0x_api.o
    0x08002e9c   0x08002e9c   0x00000018   Code   RO         3253    i.VL53L0X_GetLimitCheckEnable  vl53l0x_api.o
    0x08002eb4   0x08002eb4   0x0000007a   Code   RO         3256    i.VL53L0X_GetLimitCheckValue  vl53l0x_api.o
    0x08002f2e   0x08002f2e   0x0000003a   Code   RO         3259    i.VL53L0X_GetMeasurementDataReady  vl53l0x_api.o
    0x08002f68   0x08002f68   0x00000004   Code   RO         3261    i.VL53L0X_GetMeasurementTimingBudgetMicroSeconds  vl53l0x_api.o
    0x08002f6c   0x08002f6c   0x00000004   Code   RO         3265    i.VL53L0X_GetOffsetCalibrationDataMicroMeter  vl53l0x_api.o
    0x08002f70   0x08002f70   0x0000012c   Code   RO         3273    i.VL53L0X_GetRangingMeasurementData  vl53l0x_api.o
    0x0800309c   0x0800309c   0x00000072   Code   RO         3277    i.VL53L0X_GetSequenceStepEnables  vl53l0x_api.o
    0x0800310e   0x0800310e   0x00000004   Code   RO         3286    i.VL53L0X_GetVcselPulsePeriod  vl53l0x_api.o
    0x08003112   0x08003112   0x0000002c   Code   RO         3288    i.VL53L0X_GetWrapAroundCheckEnable  vl53l0x_api.o
    0x0800313e   0x0800313e   0x0000000a   Code   RO         3289    i.VL53L0X_GetXTalkCompensationEnable  vl53l0x_api.o
    0x08003148   0x08003148   0x0000002c   Code   RO         3290    i.VL53L0X_GetXTalkCompensationRateMegaCps  vl53l0x_api.o
    0x08003174   0x08003174   0x00000022   Code   RO         3295    i.VL53L0X_PerformSingleMeasurement  vl53l0x_api.o
    0x08003196   0x08003196   0x00000034   Code   RO         3296    i.VL53L0X_PerformSingleRangingMeasurement  vl53l0x_api.o
    0x080031ca   0x080031ca   0x0000000e   Code   RO         4208    i.VL53L0X_PollingDelay  vl53l0x_tof.o
    0x080031d8   0x080031d8   0x00000028   Code   RO         4209    i.VL53L0X_RdByte    vl53l0x_tof.o
    0x08003200   0x08003200   0x00000048   Code   RO         4210    i.VL53L0X_RdDWord   vl53l0x_tof.o
    0x08003248   0x08003248   0x0000003c   Code   RO         4211    i.VL53L0X_RdWord    vl53l0x_tof.o
    0x08003284   0x08003284   0x00000030   Code   RO         4212    i.VL53L0X_ReadMulti  vl53l0x_tof.o
    0x080032b4   0x080032b4   0x00000024   Code   RO         3301    i.VL53L0X_SetDeviceMode  vl53l0x_api.o
    0x080032d8   0x080032d8   0x00000082   Code   RO         3309    i.VL53L0X_SetLimitCheckEnable  vl53l0x_api.o
    0x0800335a   0x0800335a   0x00000050   Code   RO         3310    i.VL53L0X_SetLimitCheckValue  vl53l0x_api.o
    0x080033aa   0x080033aa   0x00000002   PAD
    0x080033ac   0x080033ac   0x00000086   Code   RO         3328    i.VL53L0X_StartMeasurement  vl53l0x_api.o
    0x08003432   0x08003432   0x0000002a   Code   RO         4213    i.VL53L0X_UpdateByte  vl53l0x_tof.o
    0x0800345c   0x0800345c   0x00000024   Code   RO         4214    i.VL53L0X_WrByte    vl53l0x_tof.o
    0x08003480   0x08003480   0x00000028   Code   RO         4216    i.VL53L0X_WrWord    vl53l0x_tof.o
    0x080034a8   0x080034a8   0x00000038   Code   RO         4217    i.VL53L0X_WriteMulti  vl53l0x_tof.o
    0x080034e0   0x080034e0   0x000000d8   Code   RO         4048    i.VL53L0X_calc_dmax  vl53l0x_api_core.o
    0x080035b8   0x080035b8   0x00000010   Code   RO         4049    i.VL53L0X_calc_macro_period_ps  vl53l0x_api_core.o
    0x080035c8   0x080035c8   0x000001f2   Code   RO         4050    i.VL53L0X_calc_sigma_estimate  vl53l0x_api_core.o
    0x080037ba   0x080037ba   0x00000022   Code   RO         4051    i.VL53L0X_calc_timeout_mclks  vl53l0x_api_core.o
    0x080037dc   0x080037dc   0x00000022   Code   RO         4052    i.VL53L0X_calc_timeout_us  vl53l0x_api_core.o
    0x080037fe   0x080037fe   0x0000000c   Code   RO         4053    i.VL53L0X_decode_timeout  vl53l0x_api_core.o
    0x0800380a   0x0800380a   0x00000008   Code   RO         4054    i.VL53L0X_decode_vcsel_period  vl53l0x_api_core.o
    0x08003812   0x08003812   0x000000c4   Code   RO         4059    i.VL53L0X_get_measurement_timing_budget_micro_seconds  vl53l0x_api_core.o
    0x080038d6   0x080038d6   0x00000034   Code   RO         3893    i.VL53L0X_get_offset_calibration_data_micro_meter  vl53l0x_api_calibration.o
    0x0800390a   0x0800390a   0x00000002   PAD
    0x0800390c   0x0800390c   0x000001e4   Code   RO         4060    i.VL53L0X_get_pal_range_status  vl53l0x_api_core.o
    0x08003af0   0x08003af0   0x0000001c   Code   RO         4061    i.VL53L0X_get_total_signal_rate  vl53l0x_api_core.o
    0x08003b0c   0x08003b0c   0x0000002e   Code   RO         4062    i.VL53L0X_get_total_xtalk_rate  vl53l0x_api_core.o
    0x08003b3a   0x08003b3a   0x00000030   Code   RO         4063    i.VL53L0X_get_vcsel_pulse_period  vl53l0x_api_core.o
    0x08003b6a   0x08003b6a   0x0000002a   Code   RO         4064    i.VL53L0X_isqrt     vl53l0x_api_core.o
    0x08003b94   0x08003b94   0x000000a4   Code   RO         4065    i.VL53L0X_load_tuning_settings  vl53l0x_api_core.o
    0x08003c38   0x08003c38   0x00000032   Code   RO         4066    i.VL53L0X_measurement_poll_for_completion  vl53l0x_api_core.o
    0x08003c6a   0x08003c6a   0x00000020   Code   RO         4218    i._I2CRead          vl53l0x_tof.o
    0x08003c8a   0x08003c8a   0x0000001c   Code   RO         4219    i._I2CWrite         vl53l0x_tof.o
    0x08003ca6   0x08003ca6   0x00000002   PAD
    0x08003ca8   0x08003ca8   0x00000028   Code   RO         4560    i.__0sprintf        mc_w.l(printfa.o)
    0x08003cd0   0x08003cd0   0x00000020   Code   RO         2569    i.__NVIC_SetPriority  stm32l4xx_hal_cortex.o
    0x08003cf0   0x08003cf0   0x0000000e   Code   RO         4638    i.__scatterload_copy  mc_w.l(handlers.o)
    0x08003cfe   0x08003cfe   0x00000002   Code   RO         4639    i.__scatterload_null  mc_w.l(handlers.o)
    0x08003d00   0x08003d00   0x0000000e   Code   RO         4640    i.__scatterload_zeroinit  mc_w.l(handlers.o)
    0x08003d0e   0x08003d0e   0x00000002   PAD
    0x08003d10   0x08003d10   0x0000018a   Code   RO         4565    i._fp_digits        mc_w.l(printfa.o)
    0x08003e9a   0x08003e9a   0x00000002   PAD
    0x08003e9c   0x08003e9c   0x000006e2   Code   RO         4566    i._printf_core      mc_w.l(printfa.o)
    0x0800457e   0x0800457e   0x00000024   Code   RO         4567    i._printf_post_padding  mc_w.l(printfa.o)
    0x080045a2   0x080045a2   0x0000002e   Code   RO         4568    i._printf_pre_padding  mc_w.l(printfa.o)
    0x080045d0   0x080045d0   0x0000000a   Code   RO         4570    i._sputc            mc_w.l(printfa.o)
    0x080045da   0x080045da   0x000000f2   Code   RO         4071    i.get_sequence_step_timeout  vl53l0x_api_core.o
    0x080046cc   0x080046cc   0x0000013c   Code   RO         2800    i.main              main.o
    0x08004808   0x08004808   0x00000038   Code   RO         3333    i.sequence_step_enabled  vl53l0x_api.o
    0x08004840   0x08004840   0x00000020   Code   RO         2801    i.serialSend        main.o
    0x08004860   0x08004860   0x00000040   Data   RO         2760    .constdata          system_stm32l4xx.o
    0x080048a0   0x080048a0   0x00000008   Data   RO         2761    .constdata          system_stm32l4xx.o
    0x080048a8   0x080048a8   0x00000020   Data   RO         4636    Region$$Table       anon$$obj.o


    Execution Region RW_IRAM2 (Exec base: 0x10000000, Load base: 0x08004b5c, Size: 0x00000000, Max: 0x00008000, ABSOLUTE)

    **** No section assigned to this execution region ****


    Execution Region RW_IRAM1 (Exec base: 0x20000000, Load base: 0x080048c8, Size: 0x00000958, Max: 0x00018000, ABSOLUTE, COMPRESSED[0x00000294])

    Exec Addr    Load Addr    Size         Type   Attr      Idx    E Section Name        Object

    0x20000000   COMPRESSED   0x0000000c   Data   RW          831    .data               stm32l4xx_hal.o
    0x2000000c   COMPRESSED   0x00000004   Data   RW         2762    .data               system_stm32l4xx.o
    0x20000010   COMPRESSED   0x00000188   Data   RW         2803    .data               main.o
    0x20000198   COMPRESSED   0x00000004   Data   RW         2987    .data               stm32l4xx_it.o
    0x2000019c   COMPRESSED   0x000002a9   Data   RW         3334    .data               vl53l0x_api.o
    0x20000445   COMPRESSED   0x00000003   PAD
    0x20000448        -       0x0000004c   Zero   RW           37    .bss                stm32l475e_iot01.o
    0x20000494        -       0x00000080   Zero   RW         2802    .bss                main.o
    0x20000514        -       0x00000040   Zero   RW         4220    .bss                vl53l0x_tof.o
    0x20000554   COMPRESSED   0x00000004   PAD
    0x20000558        -       0x00000400   Zero   RW         3129    STACK               startup_stm32l475xx.o


==============================================================================

Image component sizes


      Code (inc. data)   RO Data    RW Data    ZI Data      Debug   Object Name

      1350        164          0        392        128     806655   main.o
        36          8        392          0       1024        824   startup_stm32l475xx.o
       212         24          0          0         76     795380   stm32l475e_iot01.o
       162         24          0         12          0      14309   stm32l4xx_hal.o
       198         14          0          0          0      33775   stm32l4xx_hal_cortex.o
       650         44          0          0          0       3812   stm32l4xx_hal_gpio.o
      1368         38          0          0          0      11100   stm32l4xx_hal_i2c.o
        86          0          0          0          0       1115   stm32l4xx_hal_i2c_ex.o
       144         18          0          0          0       1553   stm32l4xx_hal_msp.o
       120         20          0          0          0       1346   stm32l4xx_hal_pwr_ex.o
      1968         98          0          0          0       6852   stm32l4xx_hal_rcc.o
      1506         44          0          0          0       4020   stm32l4xx_hal_rcc_ex.o
      1324         60          0          0          0       6309   stm32l4xx_hal_uart.o
       116          4          0          4          0       5351   stm32l4xx_it.o
        68         12         72          4          0       1209   system_stm32l4xx.o
      2034         40          0        681          0      23638   vl53l0x_api.o
        52          0          0          0          0       2290   vl53l0x_api_calibration.o
      2118         16          0          0          0      18918   vl53l0x_api_core.o
         0          0          0          0          0      15560   vl53l0x_api_strings.o
       468         24          0          0         64       8653   vl53l0x_tof.o

    ----------------------------------------------------------------------
     14012        652        496       1096       1296    1762669   Object Totals
         0          0         32          0          0          0   (incl. Generated)
        32          0          0          3          4          0   (incl. Padding)

    ----------------------------------------------------------------------

      Code (inc. data)   RO Data    RW Data    ZI Data      Debug   Library Member Name

        94          0          0          0          0          0   __dclz77c.o
         0          0          0          0          0          0   entry.o
         0          0          0          0          0          0   entry10a.o
         0          0          0          0          0          0   entry11a.o
         8          4          0          0          0          0   entry2.o
         4          0          0          0          0          0   entry5.o
         0          0          0          0          0          0   entry7b.o
         0          0          0          0          0          0   entry8b.o
         8          4          0          0          0          0   entry9a.o
        30          0          0          0          0          0   handlers.o
        36          8          0          0          0         68   init.o
         0          0          0          0          0          0   iusefp.o
        30          0          0          0          0         68   llshl.o
        36          0          0          0          0         68   llsshr.o
        32          0          0          0          0         68   llushr.o
        36          0          0          0          0         68   memcpya.o
        36          0          0          0          0        108   memseta.o
      2288         86          0          0          0        520   printfa.o
        14          0          0          0          0         68   strlen.o
        44          0          0          0          0         80   uidiv.o
       104          0          0          0          0         92   uldiv.o
        48          0          0          0          0         68   cdrcmple.o
        56          0          0          0          0         88   d2f.o
       350          0          0          0          0        148   dadd.o
       222          0          0          0          0        100   ddiv.o
       186          0          0          0          0        176   depilogue.o
        48          0          0          0          0         68   dfixul.o
        26          0          0          0          0         76   dfltui.o
       234          0          0          0          0         96   dmul.o
        38          0          0          0          0         68   f2d.o
       110          0          0          0          0        168   fepilogue.o

    ----------------------------------------------------------------------
      4124        102          0          0          0       2264   Library Totals
         6          0          0          0          0          0   (incl. Padding)

    ----------------------------------------------------------------------

      Code (inc. data)   RO Data    RW Data    ZI Data      Debug   Library Name

      2800        102          0          0          0       1208   mc_w.l
      1318          0          0          0          0       1056   mf_w.l

    ----------------------------------------------------------------------
      4124        102          0          0          0       2264   Library Totals

    ----------------------------------------------------------------------

==============================================================================


      Code (inc. data)   RO Data    RW Data    ZI Data      Debug   

     18136        754        496       1096       1296    1753073   Grand Totals
     18136        754        496        660       1296    1753073   ELF Image Totals (compressed)
     18136        754        496        660          0          0   ROM Totals

==============================================================================

    Total RO  Size (Code + RO Data)                18632 (  18.20kB)
    Total RW  Size (RW Data + ZI Data)              2392 (   2.34kB)
    Total ROM Size (Code + RO Data + RW Data)      19292 (  18.84kB)

==============================================================================

